0_abe0s_flyingfish_1 0_abe0s_flyingfish_5
0_abe0s_flyingfish_5 0_abe0s_flyingfish_7
0_abe0s_flyingfish_4 0_abe0s_flyingfish_7
0_abe0s_flyingfish_9 0_abe0s_flyingfish_10
0_abe0s_flyingfish_7 0_abe0s_flyingfish_3
0_abe0s_flyingfish_6 0_abe0s_flyingfish_4
0_abe0s_flyingfish_9 0_abe0s_flyingfish_1
0_abe0s_flyingfish_1 0_abe0s_flyingfish_4
0_abe0s_flyingfish_9 0_abe0s_flyingfish_6
0_abe0s_flyingfish_6 0_abe0s_flyingfish_6
1_accordion_4 1_accordion_6
1_accordion_6 1_accordion_10
1_accordion_4 1_accordion_10
1_accordion_7 1_accordion_8
1_accordion_2 1_accordion_5
1_accordion_1 1_accordion_5
1_accordion_10 1_accordion_3
1_accordion_3 1_accordion_2
1_accordion_1 1_accordion_10
1_accordion_8 1_accordion_1
2_american_alligator_4 2_american_alligator_1
2_american_alligator_7 2_american_alligator_2
2_american_alligator_10 2_american_alligator_6
2_american_alligator_6 2_american_alligator_7
2_american_alligator_3 2_american_alligator_9
2_american_alligator_9 2_american_alligator_7
2_american_alligator_8 2_american_alligator_5
2_american_alligator_10 2_american_alligator_7
2_american_alligator_3 2_american_alligator_2
2_american_alligator_1 2_american_alligator_10
3_american_chamelon_9 3_american_chamelon_1
3_american_chamelon_9 3_american_chamelon_3
3_american_chamelon_7 3_american_chamelon_3
3_american_chamelon_8 3_american_chamelon_3
3_american_chamelon_8 3_american_chamelon_8
3_american_chamelon_8 3_american_chamelon_9
3_american_chamelon_4 3_american_chamelon_2
3_american_chamelon_5 3_american_chamelon_6
3_american_chamelon_3 3_american_chamelon_1
3_american_chamelon_7 3_american_chamelon_1
4_andean_condor_10 4_andean_condor_5
4_andean_condor_6 4_andean_condor_8
4_andean_condor_3 4_andean_condor_1
4_andean_condor_9 4_andean_condor_10
4_andean_condor_7 4_andean_condor_7
4_andean_condor_10 4_andean_condor_2
4_andean_condor_1 4_andean_condor_3
4_andean_condor_7 4_andean_condor_5
4_andean_condor_6 4_andean_condor_6
4_andean_condor_1 4_andean_condor_1
5_anise_3 5_anise_7
5_anise_8 5_anise_3
5_anise_7 5_anise_9
5_anise_4 5_anise_9
5_anise_6 5_anise_3
5_anise_10 5_anise_3
5_anise_5 5_anise_5
5_anise_3 5_anise_10
5_anise_8 5_anise_2
5_anise_10 5_anise_6
6_apple_icon_5 6_apple_icon_10
6_apple_icon_2 6_apple_icon_10
6_apple_icon_5 6_apple_icon_1
6_apple_icon_8 6_apple_icon_9
6_apple_icon_2 6_apple_icon_10
6_apple_icon_4 6_apple_icon_7
6_apple_icon_7 6_apple_icon_4
6_apple_icon_8 6_apple_icon_4
6_apple_icon_2 6_apple_icon_4
6_apple_icon_2 6_apple_icon_4
7_arch_bridge_7 7_arch_bridge_7
7_arch_bridge_5 7_arch_bridge_3
7_arch_bridge_9 7_arch_bridge_8
7_arch_bridge_1 7_arch_bridge_2
7_arch_bridge_1 7_arch_bridge_1
7_arch_bridge_6 7_arch_bridge_4
7_arch_bridge_4 7_arch_bridge_3
7_arch_bridge_6 7_arch_bridge_6
7_arch_bridge_8 7_arch_bridge_7
7_arch_bridge_10 7_arch_bridge_8
8_arrow_7 8_arrow_2
8_arrow_9 8_arrow_1
8_arrow_4 8_arrow_1
8_arrow_4 8_arrow_1
8_arrow_10 8_arrow_9
8_arrow_5 8_arrow_5
8_arrow_9 8_arrow_3
8_arrow_6 8_arrow_7
8_arrow_10 8_arrow_6
8_arrow_9 8_arrow_8
9_astronaut_5 9_astronaut_4
9_astronaut_6 9_astronaut_1
9_astronaut_6 9_astronaut_3
9_astronaut_5 9_astronaut_1
9_astronaut_3 9_astronaut_4
9_astronaut_10 9_astronaut_4
9_astronaut_4 9_astronaut_9
9_astronaut_8 9_astronaut_6
9_astronaut_2 9_astronaut_6
9_astronaut_8 9_astronaut_5
10_australian_terrier_4 10_australian_terrier_6
10_australian_terrier_2 10_australian_terrier_2
10_australian_terrier_8 10_australian_terrier_6
10_australian_terrier_7 10_australian_terrier_4
10_australian_terrier_3 10_australian_terrier_7
10_australian_terrier_3 10_australian_terrier_8
10_australian_terrier_5 10_australian_terrier_7
10_australian_terrier_3 10_australian_terrier_2
10_australian_terrier_2 10_australian_terrier_5
10_australian_terrier_9 10_australian_terrier_3
11_bamboo_dragonfly_8 11_bamboo_dragonfly_6
11_bamboo_dragonfly_8 11_bamboo_dragonfly_8
11_bamboo_dragonfly_8 11_bamboo_dragonfly_10
11_bamboo_dragonfly_10 11_bamboo_dragonfly_9
11_bamboo_dragonfly_4 11_bamboo_dragonfly_4
11_bamboo_dragonfly_3 11_bamboo_dragonfly_10
11_bamboo_dragonfly_7 11_bamboo_dragonfly_5
11_bamboo_dragonfly_6 11_bamboo_dragonfly_6
11_bamboo_dragonfly_8 11_bamboo_dragonfly_4
11_bamboo_dragonfly_7 11_bamboo_dragonfly_3
12_bamboo_slip_3 12_bamboo_slip_2
12_bamboo_slip_5 12_bamboo_slip_3
12_bamboo_slip_10 12_bamboo_slip_5
12_bamboo_slip_8 12_bamboo_slip_6
12_bamboo_slip_5 12_bamboo_slip_8
12_bamboo_slip_2 12_bamboo_slip_9
12_bamboo_slip_8 12_bamboo_slip_6
12_bamboo_slip_6 12_bamboo_slip_5
12_bamboo_slip_6 12_bamboo_slip_3
12_bamboo_slip_4 12_bamboo_slip_2
13_banana_boat_2 13_banana_boat_9
13_banana_boat_10 13_banana_boat_4
13_banana_boat_7 13_banana_boat_6
13_banana_boat_8 13_banana_boat_8
13_banana_boat_5 13_banana_boat_3
13_banana_boat_2 13_banana_boat_3
13_banana_boat_7 13_banana_boat_1
13_banana_boat_1 13_banana_boat_8
13_banana_boat_8 13_banana_boat_6
13_banana_boat_7 13_banana_boat_4
14_barber_shaver_8 14_barber_shaver_9
14_barber_shaver_7 14_barber_shaver_5
14_barber_shaver_8 14_barber_shaver_10
14_barber_shaver_9 14_barber_shaver_10
14_barber_shaver_4 14_barber_shaver_1
14_barber_shaver_1 14_barber_shaver_6
14_barber_shaver_4 14_barber_shaver_7
14_barber_shaver_7 14_barber_shaver_9
14_barber_shaver_4 14_barber_shaver_1
14_barber_shaver_3 14_barber_shaver_8
15_bat_8 15_bat_10
15_bat_8 15_bat_10
15_bat_7 15_bat_1
15_bat_3 15_bat_4
15_bat_3 15_bat_3
15_bat_5 15_bat_1
15_bat_8 15_bat_1
15_bat_2 15_bat_2
15_bat_4 15_bat_7
15_bat_5 15_bat_4
16_bath_ball_7 16_bath_ball_9
16_bath_ball_8 16_bath_ball_6
16_bath_ball_9 16_bath_ball_8
16_bath_ball_9 16_bath_ball_9
16_bath_ball_8 16_bath_ball_10
16_bath_ball_8 16_bath_ball_9
16_bath_ball_4 16_bath_ball_3
16_bath_ball_4 16_bath_ball_2
16_bath_ball_8 16_bath_ball_9
16_bath_ball_2 16_bath_ball_7
17_beet_root_3 17_beet_root_4
17_beet_root_6 17_beet_root_6
17_beet_root_2 17_beet_root_3
17_beet_root_5 17_beet_root_6
17_beet_root_2 17_beet_root_10
17_beet_root_2 17_beet_root_7
17_beet_root_6 17_beet_root_4
17_beet_root_5 17_beet_root_1
17_beet_root_6 17_beet_root_1
17_beet_root_4 17_beet_root_4
18_bell_pepper_2 18_bell_pepper_4
18_bell_pepper_5 18_bell_pepper_6
18_bell_pepper_7 18_bell_pepper_4
18_bell_pepper_8 18_bell_pepper_6
18_bell_pepper_1 18_bell_pepper_9
18_bell_pepper_5 18_bell_pepper_6
18_bell_pepper_4 18_bell_pepper_9
18_bell_pepper_7 18_bell_pepper_4
18_bell_pepper_2 18_bell_pepper_1
18_bell_pepper_9 18_bell_pepper_1
19_big_ben_4 19_big_ben_6
19_big_ben_7 19_big_ben_6
19_big_ben_2 19_big_ben_4
19_big_ben_9 19_big_ben_9
19_big_ben_10 19_big_ben_8
19_big_ben_2 19_big_ben_8
19_big_ben_10 19_big_ben_8
19_big_ben_8 19_big_ben_9
19_big_ben_4 19_big_ben_10
19_big_ben_8 19_big_ben_7
20_black_bear_10 20_black_bear_8
20_black_bear_6 20_black_bear_4
20_black_bear_1 20_black_bear_4
20_black_bear_2 20_black_bear_9
20_black_bear_2 20_black_bear_5
20_black_bear_3 20_black_bear_8
20_black_bear_1 20_black_bear_7
20_black_bear_4 20_black_bear_5
20_black_bear_10 20_black_bear_7
20_black_bear_8 20_black_bear_2
21_bloodhound_1 21_bloodhound_6
21_bloodhound_10 21_bloodhound_9
21_bloodhound_5 21_bloodhound_9
21_bloodhound_9 21_bloodhound_5
21_bloodhound_3 21_bloodhound_4
21_bloodhound_7 21_bloodhound_5
21_bloodhound_2 21_bloodhound_8
21_bloodhound_1 21_bloodhound_4
21_bloodhound_2 21_bloodhound_3
21_bloodhound_9 21_bloodhound_8
22_boxing_gloves_6 22_boxing_gloves_7
22_boxing_gloves_7 22_boxing_gloves_4
22_boxing_gloves_4 22_boxing_gloves_4
22_boxing_gloves_10 22_boxing_gloves_2
22_boxing_gloves_2 22_boxing_gloves_8
22_boxing_gloves_6 22_boxing_gloves_10
22_boxing_gloves_9 22_boxing_gloves_9
22_boxing_gloves_1 22_boxing_gloves_10
22_boxing_gloves_6 22_boxing_gloves_1
22_boxing_gloves_5 22_boxing_gloves_3
23_breast_pump_3 23_breast_pump_6
23_breast_pump_7 23_breast_pump_9
23_breast_pump_5 23_breast_pump_2
23_breast_pump_4 23_breast_pump_2
23_breast_pump_2 23_breast_pump_7
23_breast_pump_9 23_breast_pump_3
23_breast_pump_6 23_breast_pump_4
23_breast_pump_2 23_breast_pump_2
23_breast_pump_5 23_breast_pump_9
23_breast_pump_4 23_breast_pump_5
24_broom_7 24_broom_8
24_broom_5 24_broom_4
24_broom_1 24_broom_2
24_broom_2 24_broom_6
24_broom_10 24_broom_1
24_broom_10 24_broom_9
24_broom_8 24_broom_9
24_broom_7 24_broom_4
24_broom_1 24_broom_9
24_broom_2 24_broom_7
25_bucket_3 25_bucket_8
25_bucket_10 25_bucket_5
25_bucket_3 25_bucket_10
25_bucket_2 25_bucket_2
25_bucket_8 25_bucket_10
25_bucket_10 25_bucket_4
25_bucket_5 25_bucket_6
25_bucket_4 25_bucket_9
25_bucket_3 25_bucket_9
25_bucket_8 25_bucket_4
26_bulb_4 26_bulb_6
26_bulb_10 26_bulb_10
26_bulb_9 26_bulb_8
26_bulb_7 26_bulb_4
26_bulb_9 26_bulb_9
26_bulb_6 26_bulb_5
26_bulb_10 26_bulb_2
26_bulb_10 26_bulb_9
26_bulb_7 26_bulb_1
26_bulb_4 26_bulb_2
27_burj_al_4 27_burj_al_9
27_burj_al_10 27_burj_al_6
27_burj_al_7 27_burj_al_3
27_burj_al_2 27_burj_al_6
27_burj_al_5 27_burj_al_4
27_burj_al_5 27_burj_al_4
27_burj_al_5 27_burj_al_1
27_burj_al_3 27_burj_al_2
27_burj_al_7 27_burj_al_5
27_burj_al_1 27_burj_al_2
28_bus_6 28_bus_9
28_bus_2 28_bus_4
28_bus_9 28_bus_8
28_bus_1 28_bus_6
28_bus_4 28_bus_4
28_bus_7 28_bus_8
28_bus_9 28_bus_9
28_bus_9 28_bus_1
28_bus_9 28_bus_2
28_bus_4 28_bus_10
29_bustard_4 29_bustard_1
29_bustard_1 29_bustard_7
29_bustard_1 29_bustard_10
29_bustard_1 29_bustard_4
29_bustard_5 29_bustard_1
29_bustard_8 29_bustard_1
29_bustard_7 29_bustard_5
29_bustard_9 29_bustard_4
29_bustard_7 29_bustard_3
29_bustard_6 29_bustard_4
30_cabbage_butterfly_2 30_cabbage_butterfly_6
30_cabbage_butterfly_10 30_cabbage_butterfly_4
30_cabbage_butterfly_6 30_cabbage_butterfly_3
30_cabbage_butterfly_9 30_cabbage_butterfly_10
30_cabbage_butterfly_7 30_cabbage_butterfly_9
30_cabbage_butterfly_4 30_cabbage_butterfly_9
30_cabbage_butterfly_7 30_cabbage_butterfly_2
30_cabbage_butterfly_8 30_cabbage_butterfly_8
30_cabbage_butterfly_2 30_cabbage_butterfly_3
30_cabbage_butterfly_5 30_cabbage_butterfly_2
31_cablestayed_bridge_3 31_cablestayed_bridge_5
31_cablestayed_bridge_10 31_cablestayed_bridge_9
31_cablestayed_bridge_6 31_cablestayed_bridge_4
31_cablestayed_bridge_9 31_cablestayed_bridge_10
31_cablestayed_bridge_1 31_cablestayed_bridge_7
31_cablestayed_bridge_1 31_cablestayed_bridge_7
31_cablestayed_bridge_6 31_cablestayed_bridge_6
31_cablestayed_bridge_3 31_cablestayed_bridge_5
31_cablestayed_bridge_8 31_cablestayed_bridge_9
31_cablestayed_bridge_1 31_cablestayed_bridge_4
32_cantilever_bridge_5 32_cantilever_bridge_1
32_cantilever_bridge_3 32_cantilever_bridge_7
32_cantilever_bridge_10 32_cantilever_bridge_7
32_cantilever_bridge_6 32_cantilever_bridge_3
32_cantilever_bridge_6 32_cantilever_bridge_3
32_cantilever_bridge_9 32_cantilever_bridge_10
32_cantilever_bridge_4 32_cantilever_bridge_7
32_cantilever_bridge_1 32_cantilever_bridge_3
32_cantilever_bridge_3 32_cantilever_bridge_7
32_cantilever_bridge_6 32_cantilever_bridge_1
33_canton_tower_5 33_canton_tower_4
33_canton_tower_4 33_canton_tower_5
33_canton_tower_2 33_canton_tower_5
33_canton_tower_6 33_canton_tower_8
33_canton_tower_3 33_canton_tower_2
33_canton_tower_9 33_canton_tower_10
33_canton_tower_5 33_canton_tower_3
33_canton_tower_9 33_canton_tower_8
33_canton_tower_7 33_canton_tower_8
33_canton_tower_3 33_canton_tower_7
34_captain_america_shield_6 34_captain_america_shield_1
34_captain_america_shield_10 34_captain_america_shield_3
34_captain_america_shield_10 34_captain_america_shield_6
34_captain_america_shield_9 34_captain_america_shield_2
34_captain_america_shield_5 34_captain_america_shield_6
34_captain_america_shield_3 34_captain_america_shield_3
34_captain_america_shield_4 34_captain_america_shield_5
34_captain_america_shield_1 34_captain_america_shield_7
34_captain_america_shield_10 34_captain_america_shield_8
34_captain_america_shield_6 34_captain_america_shield_1
35_carriage_5 35_carriage_8
35_carriage_5 35_carriage_3
35_carriage_4 35_carriage_8
35_carriage_1 35_carriage_7
35_carriage_7 35_carriage_1
35_carriage_6 35_carriage_9
35_carriage_10 35_carriage_5
35_carriage_10 35_carriage_2
35_carriage_1 35_carriage_2
35_carriage_7 35_carriage_9
36_cathedrale_paris_10 36_cathedrale_paris_10
36_cathedrale_paris_9 36_cathedrale_paris_3
36_cathedrale_paris_1 36_cathedrale_paris_2
36_cathedrale_paris_4 36_cathedrale_paris_8
36_cathedrale_paris_4 36_cathedrale_paris_3
36_cathedrale_paris_8 36_cathedrale_paris_7
36_cathedrale_paris_8 36_cathedrale_paris_1
36_cathedrale_paris_1 36_cathedrale_paris_1
36_cathedrale_paris_1 36_cathedrale_paris_8
36_cathedrale_paris_6 36_cathedrale_paris_2
37_cd_2 37_cd_6
37_cd_10 37_cd_1
37_cd_3 37_cd_9
37_cd_3 37_cd_4
37_cd_10 37_cd_5
37_cd_9 37_cd_1
37_cd_1 37_cd_9
37_cd_3 37_cd_9
37_cd_3 37_cd_10
37_cd_5 37_cd_5
38_chalk_brush_7 38_chalk_brush_5
38_chalk_brush_7 38_chalk_brush_1
38_chalk_brush_6 38_chalk_brush_1
38_chalk_brush_1 38_chalk_brush_5
38_chalk_brush_3 38_chalk_brush_6
38_chalk_brush_4 38_chalk_brush_8
38_chalk_brush_3 38_chalk_brush_7
38_chalk_brush_4 38_chalk_brush_6
38_chalk_brush_9 38_chalk_brush_4
38_chalk_brush_8 38_chalk_brush_7
39_chandelier_2 39_chandelier_5
39_chandelier_8 39_chandelier_8
39_chandelier_1 39_chandelier_9
39_chandelier_1 39_chandelier_7
39_chandelier_9 39_chandelier_3
39_chandelier_5 39_chandelier_4
39_chandelier_5 39_chandelier_1
39_chandelier_4 39_chandelier_2
39_chandelier_6 39_chandelier_3
39_chandelier_6 39_chandelier_7
40_charge_battery_7 40_charge_battery_10
40_charge_battery_2 40_charge_battery_2
40_charge_battery_8 40_charge_battery_3
40_charge_battery_5 40_charge_battery_7
40_charge_battery_6 40_charge_battery_7
40_charge_battery_1 40_charge_battery_3
40_charge_battery_2 40_charge_battery_2
40_charge_battery_10 40_charge_battery_9
40_charge_battery_1 40_charge_battery_2
40_charge_battery_5 40_charge_battery_4
41_chess_king_3 41_chess_king_9
41_chess_king_3 41_chess_king_6
41_chess_king_7 41_chess_king_8
41_chess_king_5 41_chess_king_5
41_chess_king_3 41_chess_king_4
41_chess_king_3 41_chess_king_6
41_chess_king_9 41_chess_king_5
41_chess_king_8 41_chess_king_3
41_chess_king_4 41_chess_king_4
41_chess_king_2 41_chess_king_8
42_chess_knight_9 42_chess_knight_10
42_chess_knight_5 42_chess_knight_6
42_chess_knight_10 42_chess_knight_6
42_chess_knight_3 42_chess_knight_4
42_chess_knight_9 42_chess_knight_9
42_chess_knight_1 42_chess_knight_3
42_chess_knight_5 42_chess_knight_10
42_chess_knight_10 42_chess_knight_1
42_chess_knight_6 42_chess_knight_4
42_chess_knight_10 42_chess_knight_5
43_chess_queen_9 43_chess_queen_6
43_chess_queen_8 43_chess_queen_7
43_chess_queen_8 43_chess_queen_4
43_chess_queen_1 43_chess_queen_7
43_chess_queen_6 43_chess_queen_2
43_chess_queen_1 43_chess_queen_3
43_chess_queen_9 43_chess_queen_7
43_chess_queen_1 43_chess_queen_7
43_chess_queen_9 43_chess_queen_7
43_chess_queen_8 43_chess_queen_9
44_chicken_10 44_chicken_2
44_chicken_10 44_chicken_10
44_chicken_4 44_chicken_6
44_chicken_5 44_chicken_1
44_chicken_10 44_chicken_9
44_chicken_10 44_chicken_1
44_chicken_7 44_chicken_10
44_chicken_6 44_chicken_9
44_chicken_8 44_chicken_5
44_chicken_9 44_chicken_3
45_chicken_leg_6 45_chicken_leg_5
45_chicken_leg_6 45_chicken_leg_1
45_chicken_leg_3 45_chicken_leg_9
45_chicken_leg_7 45_chicken_leg_7
45_chicken_leg_8 45_chicken_leg_9
45_chicken_leg_3 45_chicken_leg_9
45_chicken_leg_2 45_chicken_leg_1
45_chicken_leg_3 45_chicken_leg_2
45_chicken_leg_10 45_chicken_leg_5
45_chicken_leg_2 45_chicken_leg_8
46_chiffon_cake_10 46_chiffon_cake_9
46_chiffon_cake_10 46_chiffon_cake_7
46_chiffon_cake_2 46_chiffon_cake_10
46_chiffon_cake_4 46_chiffon_cake_10
46_chiffon_cake_3 46_chiffon_cake_4
46_chiffon_cake_4 46_chiffon_cake_7
46_chiffon_cake_6 46_chiffon_cake_6
46_chiffon_cake_6 46_chiffon_cake_4
46_chiffon_cake_2 46_chiffon_cake_1
46_chiffon_cake_4 46_chiffon_cake_2
47_chinese_knot_7 47_chinese_knot_9
47_chinese_knot_2 47_chinese_knot_1
47_chinese_knot_7 47_chinese_knot_4
47_chinese_knot_8 47_chinese_knot_6
47_chinese_knot_5 47_chinese_knot_3
47_chinese_knot_10 47_chinese_knot_10
47_chinese_knot_2 47_chinese_knot_4
47_chinese_knot_2 47_chinese_knot_5
47_chinese_knot_2 47_chinese_knot_1
47_chinese_knot_3 47_chinese_knot_5
48_church_1 48_church_6
48_church_3 48_church_10
48_church_10 48_church_6
48_church_1 48_church_1
48_church_2 48_church_4
48_church_4 48_church_8
48_church_8 48_church_1
48_church_9 48_church_9
48_church_7 48_church_7
48_church_1 48_church_6
49_cicada_2 49_cicada_4
49_cicada_1 49_cicada_1
49_cicada_2 49_cicada_9
49_cicada_9 49_cicada_9
49_cicada_4 49_cicada_10
49_cicada_1 49_cicada_4
49_cicada_8 49_cicada_3
49_cicada_4 49_cicada_1
49_cicada_6 49_cicada_6
49_cicada_9 49_cicada_1
50_clam_5 50_clam_10
50_clam_1 50_clam_7
50_clam_8 50_clam_9
50_clam_2 50_clam_8
50_clam_8 50_clam_3
50_clam_8 50_clam_1
50_clam_5 50_clam_3
50_clam_2 50_clam_8
50_clam_6 50_clam_8
50_clam_9 50_clam_4
51_clearwing_flyingfish_9 51_clearwing_flyingfish_7
51_clearwing_flyingfish_5 51_clearwing_flyingfish_5
51_clearwing_flyingfish_5 51_clearwing_flyingfish_5
51_clearwing_flyingfish_1 51_clearwing_flyingfish_8
51_clearwing_flyingfish_3 51_clearwing_flyingfish_3
51_clearwing_flyingfish_6 51_clearwing_flyingfish_10
51_clearwing_flyingfish_3 51_clearwing_flyingfish_10
51_clearwing_flyingfish_2 51_clearwing_flyingfish_9
51_clearwing_flyingfish_1 51_clearwing_flyingfish_6
51_clearwing_flyingfish_10 51_clearwing_flyingfish_8
52_cloud_5 52_cloud_8
52_cloud_6 52_cloud_6
52_cloud_1 52_cloud_1
52_cloud_3 52_cloud_1
52_cloud_5 52_cloud_10
52_cloud_9 52_cloud_10
52_cloud_1 52_cloud_5
52_cloud_8 52_cloud_6
52_cloud_5 52_cloud_9
52_cloud_3 52_cloud_6
53_coffee_mug_5 53_coffee_mug_2
53_coffee_mug_2 53_coffee_mug_1
53_coffee_mug_9 53_coffee_mug_8
53_coffee_mug_10 53_coffee_mug_8
53_coffee_mug_3 53_coffee_mug_7
53_coffee_mug_2 53_coffee_mug_7
53_coffee_mug_6 53_coffee_mug_6
53_coffee_mug_5 53_coffee_mug_2
53_coffee_mug_6 53_coffee_mug_7
53_coffee_mug_9 53_coffee_mug_3
54_coin_4 54_coin_7
54_coin_7 54_coin_2
54_coin_5 54_coin_1
54_coin_8 54_coin_1
54_coin_2 54_coin_9
54_coin_7 54_coin_9
54_coin_3 54_coin_4
54_coin_4 54_coin_5
54_coin_4 54_coin_7
54_coin_10 54_coin_1
55_combination_lock_4 55_combination_lock_1
55_combination_lock_3 55_combination_lock_9
55_combination_lock_3 55_combination_lock_2
55_combination_lock_5 55_combination_lock_3
55_combination_lock_7 55_combination_lock_1
55_combination_lock_5 55_combination_lock_7
55_combination_lock_1 55_combination_lock_7
55_combination_lock_5 55_combination_lock_8
55_combination_lock_6 55_combination_lock_1
55_combination_lock_10 55_combination_lock_10
56_condor_4 56_condor_7
56_condor_6 56_condor_8
56_condor_1 56_condor_10
56_condor_6 56_condor_1
56_condor_6 56_condor_8
56_condor_10 56_condor_7
56_condor_10 56_condor_8
56_condor_9 56_condor_7
56_condor_6 56_condor_9
56_condor_4 56_condor_6
57_cricket_2 57_cricket_2
57_cricket_4 57_cricket_3
57_cricket_5 57_cricket_8
57_cricket_9 57_cricket_10
57_cricket_9 57_cricket_3
57_cricket_4 57_cricket_6
57_cricket_7 57_cricket_1
57_cricket_6 57_cricket_9
57_cricket_8 57_cricket_1
57_cricket_1 57_cricket_8
58_crt_screen_1 58_crt_screen_8
58_crt_screen_9 58_crt_screen_6
58_crt_screen_2 58_crt_screen_4
58_crt_screen_1 58_crt_screen_2
58_crt_screen_9 58_crt_screen_4
58_crt_screen_8 58_crt_screen_1
58_crt_screen_1 58_crt_screen_10
58_crt_screen_2 58_crt_screen_9
58_crt_screen_5 58_crt_screen_7
58_crt_screen_4 58_crt_screen_7
59_cuckoo_1 59_cuckoo_1
59_cuckoo_3 59_cuckoo_2
59_cuckoo_4 59_cuckoo_7
59_cuckoo_6 59_cuckoo_9
59_cuckoo_8 59_cuckoo_9
59_cuckoo_1 59_cuckoo_3
59_cuckoo_6 59_cuckoo_7
59_cuckoo_10 59_cuckoo_9
59_cuckoo_7 59_cuckoo_3
59_cuckoo_8 59_cuckoo_4
60_curlew_9 60_curlew_8
60_curlew_7 60_curlew_2
60_curlew_5 60_curlew_1
60_curlew_9 60_curlew_4
60_curlew_7 60_curlew_6
60_curlew_8 60_curlew_1
60_curlew_2 60_curlew_3
60_curlew_2 60_curlew_8
60_curlew_8 60_curlew_1
60_curlew_5 60_curlew_9
61_dart_target_3 61_dart_target_4
61_dart_target_10 61_dart_target_6
61_dart_target_3 61_dart_target_10
61_dart_target_10 61_dart_target_3
61_dart_target_1 61_dart_target_2
61_dart_target_5 61_dart_target_7
61_dart_target_7 61_dart_target_6
61_dart_target_4 61_dart_target_6
61_dart_target_7 61_dart_target_6
61_dart_target_3 61_dart_target_10
62_delta_wing_3 62_delta_wing_5
62_delta_wing_8 62_delta_wing_1
62_delta_wing_1 62_delta_wing_4
62_delta_wing_6 62_delta_wing_6
62_delta_wing_6 62_delta_wing_7
62_delta_wing_10 62_delta_wing_10
62_delta_wing_10 62_delta_wing_7
62_delta_wing_6 62_delta_wing_4
62_delta_wing_10 62_delta_wing_4
62_delta_wing_3 62_delta_wing_9
63_diver_1 63_diver_3
63_diver_6 63_diver_6
63_diver_1 63_diver_6
63_diver_8 63_diver_8
63_diver_10 63_diver_9
63_diver_5 63_diver_7
63_diver_4 63_diver_5
63_diver_6 63_diver_7
63_diver_6 63_diver_6
63_diver_8 63_diver_7
64_doormat_8 64_doormat_1
64_doormat_3 64_doormat_4
64_doormat_4 64_doormat_2
64_doormat_4 64_doormat_7
64_doormat_1 64_doormat_9
64_doormat_5 64_doormat_10
64_doormat_7 64_doormat_10
64_doormat_6 64_doormat_6
64_doormat_2 64_doormat_2
64_doormat_3 64_doormat_6
65_doublebus_6 65_doublebus_9
65_doublebus_8 65_doublebus_9
65_doublebus_4 65_doublebus_6
65_doublebus_4 65_doublebus_5
65_doublebus_2 65_doublebus_8
65_doublebus_3 65_doublebus_1
65_doublebus_8 65_doublebus_6
65_doublebus_8 65_doublebus_6
65_doublebus_5 65_doublebus_8
65_doublebus_3 65_doublebus_8
66_doughnut_8 66_doughnut_4
66_doughnut_6 66_doughnut_5
66_doughnut_7 66_doughnut_7
66_doughnut_2 66_doughnut_1
66_doughnut_10 66_doughnut_9
66_doughnut_1 66_doughnut_9
66_doughnut_10 66_doughnut_4
66_doughnut_7 66_doughnut_1
66_doughnut_9 66_doughnut_4
66_doughnut_1 66_doughnut_8
67_downy_pitch_8 67_downy_pitch_7
67_downy_pitch_5 67_downy_pitch_1
67_downy_pitch_7 67_downy_pitch_4
67_downy_pitch_3 67_downy_pitch_7
67_downy_pitch_2 67_downy_pitch_5
67_downy_pitch_3 67_downy_pitch_7
67_downy_pitch_10 67_downy_pitch_6
67_downy_pitch_1 67_downy_pitch_5
67_downy_pitch_3 67_downy_pitch_4
67_downy_pitch_5 67_downy_pitch_9
68_drilling_platform_2 68_drilling_platform_3
68_drilling_platform_2 68_drilling_platform_8
68_drilling_platform_3 68_drilling_platform_10
68_drilling_platform_8 68_drilling_platform_8
68_drilling_platform_6 68_drilling_platform_10
68_drilling_platform_10 68_drilling_platform_3
68_drilling_platform_5 68_drilling_platform_10
68_drilling_platform_7 68_drilling_platform_1
68_drilling_platform_6 68_drilling_platform_7
68_drilling_platform_2 68_drilling_platform_10
69_dwarf_beans_10 69_dwarf_beans_1
69_dwarf_beans_8 69_dwarf_beans_10
69_dwarf_beans_10 69_dwarf_beans_10
69_dwarf_beans_4 69_dwarf_beans_1
69_dwarf_beans_7 69_dwarf_beans_2
69_dwarf_beans_1 69_dwarf_beans_8
69_dwarf_beans_7 69_dwarf_beans_1
69_dwarf_beans_10 69_dwarf_beans_7
69_dwarf_beans_6 69_dwarf_beans_10
69_dwarf_beans_2 69_dwarf_beans_8
70_eagle_5 70_eagle_4
70_eagle_9 70_eagle_9
70_eagle_3 70_eagle_5
70_eagle_10 70_eagle_1
70_eagle_8 70_eagle_3
70_eagle_4 70_eagle_10
70_eagle_1 70_eagle_4
70_eagle_10 70_eagle_7
70_eagle_2 70_eagle_2
70_eagle_8 70_eagle_8
71_earphone1_10 71_earphone1_6
71_earphone1_7 71_earphone1_8
71_earphone1_9 71_earphone1_1
71_earphone1_9 71_earphone1_7
71_earphone1_3 71_earphone1_6
71_earphone1_4 71_earphone1_5
71_earphone1_7 71_earphone1_7
71_earphone1_6 71_earphone1_5
71_earphone1_10 71_earphone1_1
71_earphone1_9 71_earphone1_4
72_earphone2_9 72_earphone2_2
72_earphone2_10 72_earphone2_10
72_earphone2_3 72_earphone2_2
72_earphone2_8 72_earphone2_10
72_earphone2_5 72_earphone2_1
72_earphone2_1 72_earphone2_2
72_earphone2_8 72_earphone2_4
72_earphone2_2 72_earphone2_1
72_earphone2_3 72_earphone2_3
72_earphone2_5 72_earphone2_5
73_echidna_8 73_echidna_5
73_echidna_3 73_echidna_1
73_echidna_2 73_echidna_1
73_echidna_3 73_echidna_1
73_echidna_2 73_echidna_10
73_echidna_2 73_echidna_8
73_echidna_8 73_echidna_6
73_echidna_6 73_echidna_5
73_echidna_9 73_echidna_4
73_echidna_4 73_echidna_1
74_egg_5 74_egg_1
74_egg_1 74_egg_2
74_egg_6 74_egg_2
74_egg_8 74_egg_8
74_egg_9 74_egg_6
74_egg_10 74_egg_1
74_egg_9 74_egg_4
74_egg_9 74_egg_9
74_egg_9 74_egg_9
74_egg_6 74_egg_3
75_electronic_stove_9 75_electronic_stove_5
75_electronic_stove_10 75_electronic_stove_7
75_electronic_stove_3 75_electronic_stove_3
75_electronic_stove_4 75_electronic_stove_2
75_electronic_stove_3 75_electronic_stove_2
75_electronic_stove_10 75_electronic_stove_3
75_electronic_stove_9 75_electronic_stove_1
75_electronic_stove_8 75_electronic_stove_4
75_electronic_stove_2 75_electronic_stove_9
75_electronic_stove_5 75_electronic_stove_1
76_english_foxhound_1 76_english_foxhound_2
76_english_foxhound_4 76_english_foxhound_2
76_english_foxhound_8 76_english_foxhound_6
76_english_foxhound_1 76_english_foxhound_5
76_english_foxhound_2 76_english_foxhound_1
76_english_foxhound_1 76_english_foxhound_10
76_english_foxhound_7 76_english_foxhound_5
76_english_foxhound_2 76_english_foxhound_5
76_english_foxhound_7 76_english_foxhound_10
76_english_foxhound_2 76_english_foxhound_5
77_f1_racing_6 77_f1_racing_1
77_f1_racing_8 77_f1_racing_9
77_f1_racing_3 77_f1_racing_7
77_f1_racing_5 77_f1_racing_7
77_f1_racing_10 77_f1_racing_1
77_f1_racing_9 77_f1_racing_4
77_f1_racing_8 77_f1_racing_8
77_f1_racing_2 77_f1_racing_6
77_f1_racing_9 77_f1_racing_1
77_f1_racing_9 77_f1_racing_9
78_fan_10 78_fan_1
78_fan_4 78_fan_7
78_fan_7 78_fan_3
78_fan_8 78_fan_5
78_fan_1 78_fan_3
78_fan_10 78_fan_5
78_fan_4 78_fan_5
78_fan_2 78_fan_8
78_fan_3 78_fan_7
78_fan_4 78_fan_10
79_feather_clothes_2 79_feather_clothes_5
79_feather_clothes_6 79_feather_clothes_7
79_feather_clothes_4 79_feather_clothes_1
79_feather_clothes_3 79_feather_clothes_1
79_feather_clothes_2 79_feather_clothes_6
79_feather_clothes_7 79_feather_clothes_9
79_feather_clothes_9 79_feather_clothes_9
79_feather_clothes_2 79_feather_clothes_4
79_feather_clothes_3 79_feather_clothes_1
79_feather_clothes_6 79_feather_clothes_3
80_fennel_bulb_1 80_fennel_bulb_7
80_fennel_bulb_7 80_fennel_bulb_9
80_fennel_bulb_10 80_fennel_bulb_4
80_fennel_bulb_7 80_fennel_bulb_3
80_fennel_bulb_3 80_fennel_bulb_10
80_fennel_bulb_7 80_fennel_bulb_6
80_fennel_bulb_3 80_fennel_bulb_8
80_fennel_bulb_2 80_fennel_bulb_7
80_fennel_bulb_6 80_fennel_bulb_8
80_fennel_bulb_10 80_fennel_bulb_1
81_ferrari911_3 81_ferrari911_4
81_ferrari911_10 81_ferrari911_9
81_ferrari911_3 81_ferrari911_3
81_ferrari911_2 81_ferrari911_5
81_ferrari911_10 81_ferrari911_10
81_ferrari911_2 81_ferrari911_7
81_ferrari911_5 81_ferrari911_8
81_ferrari911_7 81_ferrari911_2
81_ferrari911_8 81_ferrari911_3
81_ferrari911_7 81_ferrari911_9
82_fish_7 82_fish_9
82_fish_6 82_fish_9
82_fish_4 82_fish_8
82_fish_10 82_fish_4
82_fish_1 82_fish_3
82_fish_6 82_fish_6
82_fish_4 82_fish_8
82_fish_9 82_fish_7
82_fish_9 82_fish_9
82_fish_9 82_fish_3
83_fish_eagle_7 83_fish_eagle_10
83_fish_eagle_10 83_fish_eagle_2
83_fish_eagle_10 83_fish_eagle_4
83_fish_eagle_4 83_fish_eagle_4
83_fish_eagle_1 83_fish_eagle_9
83_fish_eagle_7 83_fish_eagle_10
83_fish_eagle_2 83_fish_eagle_3
83_fish_eagle_7 83_fish_eagle_10
83_fish_eagle_4 83_fish_eagle_9
83_fish_eagle_5 83_fish_eagle_8
84_flamingo_7 84_flamingo_4
84_flamingo_5 84_flamingo_10
84_flamingo_7 84_flamingo_8
84_flamingo_8 84_flamingo_5
84_flamingo_4 84_flamingo_8
84_flamingo_7 84_flamingo_4
84_flamingo_2 84_flamingo_6
84_flamingo_2 84_flamingo_3
84_flamingo_7 84_flamingo_3
84_flamingo_1 84_flamingo_5
85_fly_10 85_fly_8
85_fly_4 85_fly_2
85_fly_5 85_fly_10
85_fly_8 85_fly_8
85_fly_8 85_fly_3
85_fly_2 85_fly_10
85_fly_3 85_fly_3
85_fly_6 85_fly_1
85_fly_5 85_fly_4
85_fly_6 85_fly_7
86_flying_frog_1 86_flying_frog_7
86_flying_frog_9 86_flying_frog_7
86_flying_frog_7 86_flying_frog_7
86_flying_frog_3 86_flying_frog_5
86_flying_frog_10 86_flying_frog_8
86_flying_frog_2 86_flying_frog_8
86_flying_frog_2 86_flying_frog_8
86_flying_frog_9 86_flying_frog_7
86_flying_frog_6 86_flying_frog_2
86_flying_frog_6 86_flying_frog_9
87_flying_geckos_3 87_flying_geckos_9
87_flying_geckos_3 87_flying_geckos_10
87_flying_geckos_6 87_flying_geckos_3
87_flying_geckos_6 87_flying_geckos_6
87_flying_geckos_6 87_flying_geckos_2
87_flying_geckos_6 87_flying_geckos_6
87_flying_geckos_4 87_flying_geckos_4
87_flying_geckos_3 87_flying_geckos_2
87_flying_geckos_6 87_flying_geckos_2
87_flying_geckos_10 87_flying_geckos_2
88_flying_snakes_6 88_flying_snakes_8
88_flying_snakes_6 88_flying_snakes_4
88_flying_snakes_7 88_flying_snakes_3
88_flying_snakes_9 88_flying_snakes_3
88_flying_snakes_1 88_flying_snakes_2
88_flying_snakes_8 88_flying_snakes_3
88_flying_snakes_10 88_flying_snakes_10
88_flying_snakes_3 88_flying_snakes_4
88_flying_snakes_6 88_flying_snakes_7
88_flying_snakes_5 88_flying_snakes_3
89_flying_squirrel_1 89_flying_squirrel_10
89_flying_squirrel_3 89_flying_squirrel_3
89_flying_squirrel_3 89_flying_squirrel_4
89_flying_squirrel_10 89_flying_squirrel_10
89_flying_squirrel_5 89_flying_squirrel_3
89_flying_squirrel_2 89_flying_squirrel_6
89_flying_squirrel_7 89_flying_squirrel_4
89_flying_squirrel_4 89_flying_squirrel_2
89_flying_squirrel_7 89_flying_squirrel_7
89_flying_squirrel_8 89_flying_squirrel_3
90_fox_9 90_fox_6
90_fox_9 90_fox_7
90_fox_3 90_fox_8
90_fox_9 90_fox_3
90_fox_1 90_fox_8
90_fox_9 90_fox_4
90_fox_8 90_fox_5
90_fox_1 90_fox_1
90_fox_10 90_fox_5
90_fox_4 90_fox_3
91_french_fries_4 91_french_fries_4
91_french_fries_9 91_french_fries_4
91_french_fries_6 91_french_fries_2
91_french_fries_7 91_french_fries_6
91_french_fries_3 91_french_fries_6
91_french_fries_5 91_french_fries_5
91_french_fries_7 91_french_fries_4
91_french_fries_6 91_french_fries_10
91_french_fries_3 91_french_fries_7
91_french_fries_2 91_french_fries_6
92_ganeva_chair_1 92_ganeva_chair_9
92_ganeva_chair_3 92_ganeva_chair_1
92_ganeva_chair_7 92_ganeva_chair_10
92_ganeva_chair_8 92_ganeva_chair_10
92_ganeva_chair_6 92_ganeva_chair_10
92_ganeva_chair_9 92_ganeva_chair_4
92_ganeva_chair_5 92_ganeva_chair_2
92_ganeva_chair_5 92_ganeva_chair_1
92_ganeva_chair_2 92_ganeva_chair_7
92_ganeva_chair_9 92_ganeva_chair_9
93_glider_flyingfish_9 93_glider_flyingfish_7
93_glider_flyingfish_9 93_glider_flyingfish_10
93_glider_flyingfish_8 93_glider_flyingfish_3
93_glider_flyingfish_4 93_glider_flyingfish_5
93_glider_flyingfish_1 93_glider_flyingfish_2
93_glider_flyingfish_6 93_glider_flyingfish_3
93_glider_flyingfish_3 93_glider_flyingfish_9
93_glider_flyingfish_6 93_glider_flyingfish_8
93_glider_flyingfish_10 93_glider_flyingfish_1
93_glider_flyingfish_9 93_glider_flyingfish_8
94_goblet_10 94_goblet_9
94_goblet_9 94_goblet_10
94_goblet_4 94_goblet_5
94_goblet_8 94_goblet_6
94_goblet_1 94_goblet_2
94_goblet_9 94_goblet_7
94_goblet_10 94_goblet_1
94_goblet_5 94_goblet_5
94_goblet_4 94_goblet_9
94_goblet_1 94_goblet_5
95_golden_plover_2 95_golden_plover_6
95_golden_plover_1 95_golden_plover_8
95_golden_plover_1 95_golden_plover_5
95_golden_plover_4 95_golden_plover_6
95_golden_plover_8 95_golden_plover_7
95_golden_plover_5 95_golden_plover_2
95_golden_plover_4 95_golden_plover_7
95_golden_plover_10 95_golden_plover_7
95_golden_plover_10 95_golden_plover_7
95_golden_plover_4 95_golden_plover_10
96_goldfinch_10 96_goldfinch_3
96_goldfinch_6 96_goldfinch_8
96_goldfinch_3 96_goldfinch_1
96_goldfinch_6 96_goldfinch_9
96_goldfinch_6 96_goldfinch_2
96_goldfinch_3 96_goldfinch_9
96_goldfinch_1 96_goldfinch_6
96_goldfinch_6 96_goldfinch_4
96_goldfinch_5 96_goldfinch_9
96_goldfinch_4 96_goldfinch_8
97_groenendael_6 97_groenendael_4
97_groenendael_3 97_groenendael_9
97_groenendael_1 97_groenendael_9
97_groenendael_7 97_groenendael_10
97_groenendael_1 97_groenendael_9
97_groenendael_3 97_groenendael_9
97_groenendael_9 97_groenendael_6
97_groenendael_2 97_groenendael_7
97_groenendael_2 97_groenendael_6
97_groenendael_2 97_groenendael_5
98_guitar_5 98_guitar_10
98_guitar_7 98_guitar_1
98_guitar_1 98_guitar_3
98_guitar_2 98_guitar_4
98_guitar_1 98_guitar_5
98_guitar_6 98_guitar_9
98_guitar_3 98_guitar_2
98_guitar_9 98_guitar_10
98_guitar_5 98_guitar_9
98_guitar_9 98_guitar_9
99_gym_ball_4 99_gym_ball_2
99_gym_ball_6 99_gym_ball_1
99_gym_ball_4 99_gym_ball_10
99_gym_ball_8 99_gym_ball_6
99_gym_ball_9 99_gym_ball_2
99_gym_ball_1 99_gym_ball_9
99_gym_ball_7 99_gym_ball_5
99_gym_ball_8 99_gym_ball_1
99_gym_ball_10 99_gym_ball_4
99_gym_ball_8 99_gym_ball_5
100_haddock_2 100_haddock_8
100_haddock_3 100_haddock_10
100_haddock_5 100_haddock_8
100_haddock_7 100_haddock_8
100_haddock_1 100_haddock_1
100_haddock_10 100_haddock_10
100_haddock_2 100_haddock_9
100_haddock_2 100_haddock_9
100_haddock_9 100_haddock_7
100_haddock_9 100_haddock_9
101_hair_razor_8 101_hair_razor_6
101_hair_razor_8 101_hair_razor_7
101_hair_razor_6 101_hair_razor_2
101_hair_razor_7 101_hair_razor_4
101_hair_razor_2 101_hair_razor_1
101_hair_razor_10 101_hair_razor_3
101_hair_razor_8 101_hair_razor_7
101_hair_razor_5 101_hair_razor_6
101_hair_razor_4 101_hair_razor_9
101_hair_razor_3 101_hair_razor_3
102_hang_glider_6 102_hang_glider_10
102_hang_glider_3 102_hang_glider_1
102_hang_glider_4 102_hang_glider_9
102_hang_glider_10 102_hang_glider_2
102_hang_glider_9 102_hang_glider_7
102_hang_glider_4 102_hang_glider_7
102_hang_glider_4 102_hang_glider_7
102_hang_glider_9 102_hang_glider_5
102_hang_glider_9 102_hang_glider_5
102_hang_glider_8 102_hang_glider_6
103_harmonica_3 103_harmonica_9
103_harmonica_9 103_harmonica_10
103_harmonica_6 103_harmonica_2
103_harmonica_1 103_harmonica_6
103_harmonica_7 103_harmonica_4
103_harmonica_5 103_harmonica_5
103_harmonica_1 103_harmonica_6
103_harmonica_6 103_harmonica_1
103_harmonica_5 103_harmonica_5
103_harmonica_8 103_harmonica_6
104_hawk_7 104_hawk_5
104_hawk_2 104_hawk_1
104_hawk_9 104_hawk_9
104_hawk_3 104_hawk_4
104_hawk_3 104_hawk_10
104_hawk_5 104_hawk_9
104_hawk_8 104_hawk_7
104_hawk_9 104_hawk_2
104_hawk_5 104_hawk_6
104_hawk_9 104_hawk_9
105_helicopter_7 105_helicopter_9
105_helicopter_7 105_helicopter_7
105_helicopter_8 105_helicopter_6
105_helicopter_3 105_helicopter_4
105_helicopter_6 105_helicopter_5
105_helicopter_6 105_helicopter_4
105_helicopter_7 105_helicopter_5
105_helicopter_2 105_helicopter_8
105_helicopter_9 105_helicopter_4
105_helicopter_1 105_helicopter_3
106_hotel_slipper_1 106_hotel_slipper_6
106_hotel_slipper_6 106_hotel_slipper_2
106_hotel_slipper_9 106_hotel_slipper_1
106_hotel_slipper_10 106_hotel_slipper_5
106_hotel_slipper_2 106_hotel_slipper_10
106_hotel_slipper_1 106_hotel_slipper_2
106_hotel_slipper_5 106_hotel_slipper_5
106_hotel_slipper_5 106_hotel_slipper_4
106_hotel_slipper_5 106_hotel_slipper_6
106_hotel_slipper_4 106_hotel_slipper_7
107_hover_board_6 107_hover_board_4
107_hover_board_8 107_hover_board_3
107_hover_board_1 107_hover_board_3
107_hover_board_9 107_hover_board_1
107_hover_board_10 107_hover_board_8
107_hover_board_4 107_hover_board_9
107_hover_board_4 107_hover_board_4
107_hover_board_4 107_hover_board_3
107_hover_board_8 107_hover_board_3
107_hover_board_6 107_hover_board_9
108_iguana_10 108_iguana_9
108_iguana_9 108_iguana_8
108_iguana_8 108_iguana_7
108_iguana_10 108_iguana_6
108_iguana_3 108_iguana_1
108_iguana_1 108_iguana_5
108_iguana_10 108_iguana_7
108_iguana_4 108_iguana_6
108_iguana_7 108_iguana_2
108_iguana_5 108_iguana_3
109_indri_10 109_indri_3
109_indri_7 109_indri_8
109_indri_4 109_indri_9
109_indri_7 109_indri_9
109_indri_4 109_indri_1
109_indri_8 109_indri_2
109_indri_7 109_indri_8
109_indri_6 109_indri_1
109_indri_7 109_indri_8
109_indri_5 109_indri_9
110_ipad_9 110_ipad_5
110_ipad_3 110_ipad_3
110_ipad_4 110_ipad_9
110_ipad_8 110_ipad_1
110_ipad_2 110_ipad_6
110_ipad_6 110_ipad_10
110_ipad_5 110_ipad_6
110_ipad_7 110_ipad_8
110_ipad_3 110_ipad_6
110_ipad_7 110_ipad_10
111_iphone_10 111_iphone_2
111_iphone_5 111_iphone_8
111_iphone_10 111_iphone_5
111_iphone_2 111_iphone_5
111_iphone_2 111_iphone_4
111_iphone_7 111_iphone_10
111_iphone_1 111_iphone_7
111_iphone_10 111_iphone_3
111_iphone_7 111_iphone_10
111_iphone_9 111_iphone_7
112_iron_man_10 112_iron_man_9
112_iron_man_9 112_iron_man_5
112_iron_man_4 112_iron_man_8
112_iron_man_10 112_iron_man_10
112_iron_man_6 112_iron_man_5
112_iron_man_4 112_iron_man_1
112_iron_man_1 112_iron_man_5
112_iron_man_5 112_iron_man_8
112_iron_man_6 112_iron_man_1
112_iron_man_1 112_iron_man_7
113_jet_aircraft_8 113_jet_aircraft_5
113_jet_aircraft_4 113_jet_aircraft_3
113_jet_aircraft_4 113_jet_aircraft_4
113_jet_aircraft_10 113_jet_aircraft_8
113_jet_aircraft_3 113_jet_aircraft_8
113_jet_aircraft_5 113_jet_aircraft_9
113_jet_aircraft_10 113_jet_aircraft_5
113_jet_aircraft_4 113_jet_aircraft_8
113_jet_aircraft_10 113_jet_aircraft_1
113_jet_aircraft_7 113_jet_aircraft_7
114_kart_10 114_kart_10
114_kart_9 114_kart_10
114_kart_1 114_kart_1
114_kart_10 114_kart_4
114_kart_10 114_kart_2
114_kart_2 114_kart_6
114_kart_8 114_kart_1
114_kart_4 114_kart_7
114_kart_8 114_kart_1
114_kart_1 114_kart_3
115_key_1 115_key_2
115_key_7 115_key_1
115_key_8 115_key_5
115_key_3 115_key_10
115_key_9 115_key_8
115_key_4 115_key_6
115_key_5 115_key_2
115_key_1 115_key_4
115_key_6 115_key_4
115_key_6 115_key_4
116_knife_4 116_knife_8
116_knife_8 116_knife_2
116_knife_7 116_knife_3
116_knife_4 116_knife_10
116_knife_1 116_knife_4
116_knife_3 116_knife_3
116_knife_10 116_knife_2
116_knife_2 116_knife_1
116_knife_10 116_knife_3
116_knife_8 116_knife_5
117_kunai_1 117_kunai_4
117_kunai_7 117_kunai_1
117_kunai_7 117_kunai_6
117_kunai_7 117_kunai_9
117_kunai_10 117_kunai_3
117_kunai_6 117_kunai_2
117_kunai_2 117_kunai_1
117_kunai_9 117_kunai_5
117_kunai_6 117_kunai_1
117_kunai_2 117_kunai_1
118_lapwing_10 118_lapwing_5
118_lapwing_3 118_lapwing_7
118_lapwing_2 118_lapwing_4
118_lapwing_3 118_lapwing_1
118_lapwing_8 118_lapwing_5
118_lapwing_10 118_lapwing_7
118_lapwing_4 118_lapwing_4
118_lapwing_4 118_lapwing_3
118_lapwing_4 118_lapwing_1
118_lapwing_7 118_lapwing_7
119_leaf_egg_3 119_leaf_egg_10
119_leaf_egg_10 119_leaf_egg_3
119_leaf_egg_5 119_leaf_egg_6
119_leaf_egg_7 119_leaf_egg_5
119_leaf_egg_7 119_leaf_egg_4
119_leaf_egg_1 119_leaf_egg_9
119_leaf_egg_1 119_leaf_egg_2
119_leaf_egg_6 119_leaf_egg_1
119_leaf_egg_4 119_leaf_egg_9
119_leaf_egg_5 119_leaf_egg_6
120_leaf_fan_1 120_leaf_fan_9
120_leaf_fan_5 120_leaf_fan_3
120_leaf_fan_4 120_leaf_fan_2
120_leaf_fan_10 120_leaf_fan_7
120_leaf_fan_1 120_leaf_fan_4
120_leaf_fan_10 120_leaf_fan_1
120_leaf_fan_3 120_leaf_fan_9
120_leaf_fan_5 120_leaf_fan_5
120_leaf_fan_10 120_leaf_fan_6
120_leaf_fan_7 120_leaf_fan_6
121_leafhopper_8 121_leafhopper_9
121_leafhopper_5 121_leafhopper_9
121_leafhopper_10 121_leafhopper_8
121_leafhopper_7 121_leafhopper_8
121_leafhopper_8 121_leafhopper_7
121_leafhopper_3 121_leafhopper_10
121_leafhopper_2 121_leafhopper_1
121_leafhopper_4 121_leafhopper_9
121_leafhopper_5 121_leafhopper_9
121_leafhopper_10 121_leafhopper_9
122_leather_shoes_10 122_leather_shoes_3
122_leather_shoes_1 122_leather_shoes_1
122_leather_shoes_6 122_leather_shoes_7
122_leather_shoes_5 122_leather_shoes_4
122_leather_shoes_3 122_leather_shoes_2
122_leather_shoes_1 122_leather_shoes_5
122_leather_shoes_4 122_leather_shoes_6
122_leather_shoes_1 122_leather_shoes_8
122_leather_shoes_8 122_leather_shoes_5
122_leather_shoes_4 122_leather_shoes_10
123_leggings_4 123_leggings_8
123_leggings_1 123_leggings_9
123_leggings_10 123_leggings_7
123_leggings_6 123_leggings_9
123_leggings_5 123_leggings_2
123_leggings_9 123_leggings_2
123_leggings_8 123_leggings_10
123_leggings_4 123_leggings_3
123_leggings_7 123_leggings_6
123_leggings_8 123_leggings_8
124_lemur_catta_10 124_lemur_catta_4
124_lemur_catta_4 124_lemur_catta_2
124_lemur_catta_5 124_lemur_catta_7
124_lemur_catta_6 124_lemur_catta_1
124_lemur_catta_1 124_lemur_catta_6
124_lemur_catta_5 124_lemur_catta_2
124_lemur_catta_8 124_lemur_catta_9
124_lemur_catta_7 124_lemur_catta_5
124_lemur_catta_4 124_lemur_catta_3
124_lemur_catta_6 124_lemur_catta_2
125_letter_opener_9 125_letter_opener_4
125_letter_opener_7 125_letter_opener_9
125_letter_opener_6 125_letter_opener_7
125_letter_opener_5 125_letter_opener_10
125_letter_opener_3 125_letter_opener_1
125_letter_opener_6 125_letter_opener_3
125_letter_opener_4 125_letter_opener_8
125_letter_opener_7 125_letter_opener_1
125_letter_opener_2 125_letter_opener_1
125_letter_opener_4 125_letter_opener_5
126_little_blue_heron_9 126_little_blue_heron_2
126_little_blue_heron_1 126_little_blue_heron_6
126_little_blue_heron_1 126_little_blue_heron_5
126_little_blue_heron_1 126_little_blue_heron_8
126_little_blue_heron_10 126_little_blue_heron_9
126_little_blue_heron_7 126_little_blue_heron_2
126_little_blue_heron_2 126_little_blue_heron_4
126_little_blue_heron_2 126_little_blue_heron_8
126_little_blue_heron_8 126_little_blue_heron_3
126_little_blue_heron_3 126_little_blue_heron_8
127_lotus_2 127_lotus_3
127_lotus_4 127_lotus_2
127_lotus_4 127_lotus_7
127_lotus_10 127_lotus_10
127_lotus_2 127_lotus_2
127_lotus_9 127_lotus_3
127_lotus_6 127_lotus_5
127_lotus_5 127_lotus_2
127_lotus_4 127_lotus_2
127_lotus_5 127_lotus_6
128_magpie_bird_7 128_magpie_bird_5
128_magpie_bird_6 128_magpie_bird_5
128_magpie_bird_3 128_magpie_bird_7
128_magpie_bird_3 128_magpie_bird_8
128_magpie_bird_7 128_magpie_bird_4
128_magpie_bird_9 128_magpie_bird_3
128_magpie_bird_5 128_magpie_bird_9
128_magpie_bird_3 128_magpie_bird_6
128_magpie_bird_7 128_magpie_bird_8
128_magpie_bird_4 128_magpie_bird_8
129_manatee_9 129_manatee_8
129_manatee_1 129_manatee_5
129_manatee_8 129_manatee_6
129_manatee_4 129_manatee_8
129_manatee_10 129_manatee_7
129_manatee_4 129_manatee_6
129_manatee_4 129_manatee_8
129_manatee_3 129_manatee_2
129_manatee_5 129_manatee_5
129_manatee_5 129_manatee_4
130_marimba_10 130_marimba_9
130_marimba_6 130_marimba_9
130_marimba_4 130_marimba_5
130_marimba_7 130_marimba_7
130_marimba_2 130_marimba_3
130_marimba_5 130_marimba_2
130_marimba_7 130_marimba_9
130_marimba_6 130_marimba_5
130_marimba_1 130_marimba_9
130_marimba_7 130_marimba_8
131_may_bug_8 131_may_bug_1
131_may_bug_2 131_may_bug_7
131_may_bug_5 131_may_bug_4
131_may_bug_7 131_may_bug_6
131_may_bug_8 131_may_bug_10
131_may_bug_8 131_may_bug_8
131_may_bug_9 131_may_bug_5
131_may_bug_1 131_may_bug_3
131_may_bug_2 131_may_bug_4
131_may_bug_8 131_may_bug_2
132_meatloaf_5 132_meatloaf_8
132_meatloaf_6 132_meatloaf_9
132_meatloaf_6 132_meatloaf_7
132_meatloaf_4 132_meatloaf_4
132_meatloaf_2 132_meatloaf_6
132_meatloaf_7 132_meatloaf_9
132_meatloaf_9 132_meatloaf_2
132_meatloaf_3 132_meatloaf_5
132_meatloaf_4 132_meatloaf_10
132_meatloaf_9 132_meatloaf_3
133_microscope_1 133_microscope_1
133_microscope_8 133_microscope_2
133_microscope_10 133_microscope_1
133_microscope_5 133_microscope_5
133_microscope_8 133_microscope_9
133_microscope_6 133_microscope_7
133_microscope_9 133_microscope_9
133_microscope_6 133_microscope_6
133_microscope_9 133_microscope_3
133_microscope_9 133_microscope_4
134_minicooper_6 134_minicooper_8
134_minicooper_1 134_minicooper_6
134_minicooper_8 134_minicooper_3
134_minicooper_6 134_minicooper_2
134_minicooper_7 134_minicooper_3
134_minicooper_5 134_minicooper_9
134_minicooper_9 134_minicooper_9
134_minicooper_6 134_minicooper_10
134_minicooper_10 134_minicooper_4
134_minicooper_9 134_minicooper_9
135_missile_9 135_missile_3
135_missile_4 135_missile_1
135_missile_5 135_missile_2
135_missile_4 135_missile_10
135_missile_7 135_missile_9
135_missile_4 135_missile_10
135_missile_7 135_missile_2
135_missile_4 135_missile_3
135_missile_5 135_missile_3
135_missile_7 135_missile_8
136_mite_predator_3 136_mite_predator_7
136_mite_predator_5 136_mite_predator_1
136_mite_predator_10 136_mite_predator_8
136_mite_predator_3 136_mite_predator_10
136_mite_predator_10 136_mite_predator_8
136_mite_predator_6 136_mite_predator_9
136_mite_predator_5 136_mite_predator_6
136_mite_predator_3 136_mite_predator_2
136_mite_predator_6 136_mite_predator_2
136_mite_predator_5 136_mite_predator_8
137_mitten_5 137_mitten_2
137_mitten_10 137_mitten_9
137_mitten_7 137_mitten_5
137_mitten_2 137_mitten_4
137_mitten_3 137_mitten_6
137_mitten_10 137_mitten_8
137_mitten_1 137_mitten_9
137_mitten_10 137_mitten_5
137_mitten_4 137_mitten_2
137_mitten_1 137_mitten_10
138_moist_proof_pad_1 138_moist_proof_pad_10
138_moist_proof_pad_8 138_moist_proof_pad_2
138_moist_proof_pad_7 138_moist_proof_pad_8
138_moist_proof_pad_6 138_moist_proof_pad_10
138_moist_proof_pad_5 138_moist_proof_pad_4
138_moist_proof_pad_3 138_moist_proof_pad_3
138_moist_proof_pad_2 138_moist_proof_pad_6
138_moist_proof_pad_4 138_moist_proof_pad_4
138_moist_proof_pad_2 138_moist_proof_pad_3
138_moist_proof_pad_1 138_moist_proof_pad_5
139_monkey_7 139_monkey_2
139_monkey_8 139_monkey_1
139_monkey_6 139_monkey_7
139_monkey_7 139_monkey_10
139_monkey_10 139_monkey_6
139_monkey_8 139_monkey_4
139_monkey_4 139_monkey_3
139_monkey_1 139_monkey_1
139_monkey_10 139_monkey_1
139_monkey_4 139_monkey_8
140_moon_4 140_moon_5
140_moon_9 140_moon_1
140_moon_9 140_moon_6
140_moon_7 140_moon_10
140_moon_8 140_moon_3
140_moon_8 140_moon_1
140_moon_4 140_moon_6
140_moon_7 140_moon_8
140_moon_1 140_moon_1
140_moon_6 140_moon_10
141_motorbike_6 141_motorbike_7
141_motorbike_2 141_motorbike_1
141_motorbike_5 141_motorbike_10
141_motorbike_10 141_motorbike_5
141_motorbike_8 141_motorbike_7
141_motorbike_2 141_motorbike_1
141_motorbike_4 141_motorbike_7
141_motorbike_2 141_motorbike_7
141_motorbike_6 141_motorbike_4
141_motorbike_8 141_motorbike_8
142_net_surface_shoes_5 142_net_surface_shoes_6
142_net_surface_shoes_9 142_net_surface_shoes_4
142_net_surface_shoes_7 142_net_surface_shoes_8
142_net_surface_shoes_2 142_net_surface_shoes_3
142_net_surface_shoes_1 142_net_surface_shoes_1
142_net_surface_shoes_6 142_net_surface_shoes_2
142_net_surface_shoes_5 142_net_surface_shoes_10
142_net_surface_shoes_4 142_net_surface_shoes_7
142_net_surface_shoes_8 142_net_surface_shoes_8
142_net_surface_shoes_10 142_net_surface_shoes_8
143_nintendo_3ds_8 143_nintendo_3ds_10
143_nintendo_3ds_10 143_nintendo_3ds_5
143_nintendo_3ds_10 143_nintendo_3ds_5
143_nintendo_3ds_9 143_nintendo_3ds_5
143_nintendo_3ds_10 143_nintendo_3ds_1
143_nintendo_3ds_8 143_nintendo_3ds_7
143_nintendo_3ds_10 143_nintendo_3ds_5
143_nintendo_3ds_7 143_nintendo_3ds_2
143_nintendo_3ds_8 143_nintendo_3ds_7
143_nintendo_3ds_6 143_nintendo_3ds_8
144_nintendo_gba_7 144_nintendo_gba_8
144_nintendo_gba_9 144_nintendo_gba_8
144_nintendo_gba_9 144_nintendo_gba_1
144_nintendo_gba_8 144_nintendo_gba_1
144_nintendo_gba_7 144_nintendo_gba_2
144_nintendo_gba_1 144_nintendo_gba_9
144_nintendo_gba_6 144_nintendo_gba_7
144_nintendo_gba_2 144_nintendo_gba_10
144_nintendo_gba_9 144_nintendo_gba_3
144_nintendo_gba_4 144_nintendo_gba_5
145_nintendo_sp_3 145_nintendo_sp_3
145_nintendo_sp_7 145_nintendo_sp_9
145_nintendo_sp_7 145_nintendo_sp_6
145_nintendo_sp_1 145_nintendo_sp_6
145_nintendo_sp_9 145_nintendo_sp_9
145_nintendo_sp_7 145_nintendo_sp_5
145_nintendo_sp_1 145_nintendo_sp_5
145_nintendo_sp_7 145_nintendo_sp_8
145_nintendo_sp_2 145_nintendo_sp_2
145_nintendo_sp_10 145_nintendo_sp_3
146_nintendo_switch_10 146_nintendo_switch_4
146_nintendo_switch_5 146_nintendo_switch_4
146_nintendo_switch_7 146_nintendo_switch_2
146_nintendo_switch_1 146_nintendo_switch_5
146_nintendo_switch_6 146_nintendo_switch_7
146_nintendo_switch_9 146_nintendo_switch_2
146_nintendo_switch_8 146_nintendo_switch_7
146_nintendo_switch_9 146_nintendo_switch_10
146_nintendo_switch_7 146_nintendo_switch_10
146_nintendo_switch_7 146_nintendo_switch_9
147_nintendo_wiiu_5 147_nintendo_wiiu_6
147_nintendo_wiiu_2 147_nintendo_wiiu_2
147_nintendo_wiiu_3 147_nintendo_wiiu_5
147_nintendo_wiiu_7 147_nintendo_wiiu_3
147_nintendo_wiiu_2 147_nintendo_wiiu_3
147_nintendo_wiiu_4 147_nintendo_wiiu_9
147_nintendo_wiiu_6 147_nintendo_wiiu_3
147_nintendo_wiiu_3 147_nintendo_wiiu_4
147_nintendo_wiiu_1 147_nintendo_wiiu_10
147_nintendo_wiiu_8 147_nintendo_wiiu_6
148_ocarina_10 148_ocarina_1
148_ocarina_3 148_ocarina_7
148_ocarina_3 148_ocarina_5
148_ocarina_6 148_ocarina_9
148_ocarina_8 148_ocarina_10
148_ocarina_9 148_ocarina_1
148_ocarina_10 148_ocarina_4
148_ocarina_8 148_ocarina_7
148_ocarina_3 148_ocarina_6
148_ocarina_7 148_ocarina_1
149_oiltank_car_3 149_oiltank_car_7
149_oiltank_car_2 149_oiltank_car_9
149_oiltank_car_1 149_oiltank_car_10
149_oiltank_car_8 149_oiltank_car_3
149_oiltank_car_6 149_oiltank_car_5
149_oiltank_car_9 149_oiltank_car_10
149_oiltank_car_4 149_oiltank_car_4
149_oiltank_car_9 149_oiltank_car_2
149_oiltank_car_9 149_oiltank_car_7
149_oiltank_car_2 149_oiltank_car_9
150_onion_4 150_onion_2
150_onion_3 150_onion_1
150_onion_1 150_onion_10
150_onion_1 150_onion_9
150_onion_2 150_onion_5
150_onion_2 150_onion_3
150_onion_1 150_onion_7
150_onion_3 150_onion_1
150_onion_5 150_onion_6
150_onion_5 150_onion_2
151_oriole_3 151_oriole_8
151_oriole_6 151_oriole_2
151_oriole_9 151_oriole_2
151_oriole_5 151_oriole_4
151_oriole_5 151_oriole_3
151_oriole_6 151_oriole_5
151_oriole_4 151_oriole_2
151_oriole_2 151_oriole_1
151_oriole_6 151_oriole_4
151_oriole_9 151_oriole_8
152_osprey_5 152_osprey_9
152_osprey_1 152_osprey_9
152_osprey_4 152_osprey_4
152_osprey_2 152_osprey_7
152_osprey_6 152_osprey_9
152_osprey_5 152_osprey_9
152_osprey_9 152_osprey_4
152_osprey_6 152_osprey_3
152_osprey_9 152_osprey_4
152_osprey_3 152_osprey_6
153_oyster_8 153_oyster_5
153_oyster_6 153_oyster_1
153_oyster_2 153_oyster_7
153_oyster_1 153_oyster_5
153_oyster_1 153_oyster_9
153_oyster_3 153_oyster_8
153_oyster_2 153_oyster_2
153_oyster_7 153_oyster_7
153_oyster_5 153_oyster_3
153_oyster_2 153_oyster_3
154_paper_plane_5 154_paper_plane_6
154_paper_plane_3 154_paper_plane_3
154_paper_plane_7 154_paper_plane_2
154_paper_plane_10 154_paper_plane_4
154_paper_plane_10 154_paper_plane_1
154_paper_plane_4 154_paper_plane_3
154_paper_plane_9 154_paper_plane_9
154_paper_plane_8 154_paper_plane_5
154_paper_plane_4 154_paper_plane_7
154_paper_plane_8 154_paper_plane_8
155_parthenon_4 155_parthenon_9
155_parthenon_5 155_parthenon_3
155_parthenon_8 155_parthenon_7
155_parthenon_5 155_parthenon_3
155_parthenon_1 155_parthenon_1
155_parthenon_4 155_parthenon_10
155_parthenon_6 155_parthenon_6
155_parthenon_9 155_parthenon_4
155_parthenon_7 155_parthenon_10
155_parthenon_9 155_parthenon_8
156_pencil_sharpener1_2 156_pencil_sharpener1_9
156_pencil_sharpener1_3 156_pencil_sharpener1_9
156_pencil_sharpener1_7 156_pencil_sharpener1_7
156_pencil_sharpener1_9 156_pencil_sharpener1_5
156_pencil_sharpener1_9 156_pencil_sharpener1_8
156_pencil_sharpener1_3 156_pencil_sharpener1_9
156_pencil_sharpener1_3 156_pencil_sharpener1_9
156_pencil_sharpener1_9 156_pencil_sharpener1_1
156_pencil_sharpener1_5 156_pencil_sharpener1_8
156_pencil_sharpener1_5 156_pencil_sharpener1_2
157_peregine_falcon_7 157_peregine_falcon_5
157_peregine_falcon_5 157_peregine_falcon_1
157_peregine_falcon_8 157_peregine_falcon_8
157_peregine_falcon_5 157_peregine_falcon_3
157_peregine_falcon_5 157_peregine_falcon_9
157_peregine_falcon_2 157_peregine_falcon_3
157_peregine_falcon_9 157_peregine_falcon_8
157_peregine_falcon_3 157_peregine_falcon_7
157_peregine_falcon_8 157_peregine_falcon_10
157_peregine_falcon_8 157_peregine_falcon_3
158_pheasant_9 158_pheasant_8
158_pheasant_3 158_pheasant_6
158_pheasant_10 158_pheasant_10
158_pheasant_9 158_pheasant_8
158_pheasant_9 158_pheasant_8
158_pheasant_2 158_pheasant_6
158_pheasant_9 158_pheasant_7
158_pheasant_1 158_pheasant_3
158_pheasant_9 158_pheasant_8
158_pheasant_8 158_pheasant_5
159_phonograph_10 159_phonograph_5
159_phonograph_2 159_phonograph_3
159_phonograph_8 159_phonograph_3
159_phonograph_3 159_phonograph_6
159_phonograph_8 159_phonograph_2
159_phonograph_7 159_phonograph_2
159_phonograph_5 159_phonograph_5
159_phonograph_8 159_phonograph_5
159_phonograph_7 159_phonograph_1
159_phonograph_7 159_phonograph_1
160_photocopier_4 160_photocopier_10
160_photocopier_10 160_photocopier_8
160_photocopier_7 160_photocopier_6
160_photocopier_9 160_photocopier_3
160_photocopier_9 160_photocopier_8
160_photocopier_3 160_photocopier_5
160_photocopier_7 160_photocopier_6
160_photocopier_8 160_photocopier_6
160_photocopier_7 160_photocopier_5
160_photocopier_9 160_photocopier_4
161_pidan_9 161_pidan_3
161_pidan_1 161_pidan_6
161_pidan_6 161_pidan_8
161_pidan_2 161_pidan_7
161_pidan_10 161_pidan_3
161_pidan_6 161_pidan_3
161_pidan_10 161_pidan_5
161_pidan_2 161_pidan_10
161_pidan_1 161_pidan_7
161_pidan_2 161_pidan_4
162_pizza_2 162_pizza_7
162_pizza_10 162_pizza_4
162_pizza_3 162_pizza_3
162_pizza_7 162_pizza_5
162_pizza_9 162_pizza_10
162_pizza_5 162_pizza_10
162_pizza_7 162_pizza_8
162_pizza_8 162_pizza_7
162_pizza_7 162_pizza_8
162_pizza_9 162_pizza_10
163_plastic_bag_10 163_plastic_bag_3
163_plastic_bag_8 163_plastic_bag_4
163_plastic_bag_7 163_plastic_bag_5
163_plastic_bag_3 163_plastic_bag_7
163_plastic_bag_3 163_plastic_bag_5
163_plastic_bag_6 163_plastic_bag_10
163_plastic_bag_9 163_plastic_bag_4
163_plastic_bag_9 163_plastic_bag_5
163_plastic_bag_3 163_plastic_bag_10
163_plastic_bag_8 163_plastic_bag_8
164_poached_egg_8 164_poached_egg_9
164_poached_egg_5 164_poached_egg_9
164_poached_egg_7 164_poached_egg_1
164_poached_egg_4 164_poached_egg_3
164_poached_egg_1 164_poached_egg_5
164_poached_egg_8 164_poached_egg_2
164_poached_egg_7 164_poached_egg_6
164_poached_egg_9 164_poached_egg_2
164_poached_egg_7 164_poached_egg_9
164_poached_egg_2 164_poached_egg_6
165_polo_shirt_7 165_polo_shirt_10
165_polo_shirt_4 165_polo_shirt_9
165_polo_shirt_3 165_polo_shirt_4
165_polo_shirt_2 165_polo_shirt_9
165_polo_shirt_8 165_polo_shirt_9
165_polo_shirt_9 165_polo_shirt_9
165_polo_shirt_5 165_polo_shirt_7
165_polo_shirt_8 165_polo_shirt_10
165_polo_shirt_2 165_polo_shirt_1
165_polo_shirt_2 165_polo_shirt_1
166_porcupine_1 166_porcupine_9
166_porcupine_4 166_porcupine_1
166_porcupine_2 166_porcupine_9
166_porcupine_10 166_porcupine_3
166_porcupine_2 166_porcupine_2
166_porcupine_8 166_porcupine_9
166_porcupine_3 166_porcupine_1
166_porcupine_9 166_porcupine_9
166_porcupine_9 166_porcupine_4
166_porcupine_7 166_porcupine_10
167_potato_chips_2 167_potato_chips_4
167_potato_chips_7 167_potato_chips_2
167_potato_chips_2 167_potato_chips_2
167_potato_chips_2 167_potato_chips_9
167_potato_chips_10 167_potato_chips_8
167_potato_chips_4 167_potato_chips_3
167_potato_chips_2 167_potato_chips_6
167_potato_chips_7 167_potato_chips_10
167_potato_chips_5 167_potato_chips_10
167_potato_chips_2 167_potato_chips_6
168_pspgo_2 168_pspgo_9
168_pspgo_3 168_pspgo_6
168_pspgo_7 168_pspgo_3
168_pspgo_8 168_pspgo_5
168_pspgo_7 168_pspgo_8
168_pspgo_7 168_pspgo_3
168_pspgo_3 168_pspgo_6
168_pspgo_10 168_pspgo_5
168_pspgo_5 168_pspgo_4
168_pspgo_7 168_pspgo_2
169_pteropus_4 169_pteropus_3
169_pteropus_10 169_pteropus_5
169_pteropus_5 169_pteropus_2
169_pteropus_1 169_pteropus_4
169_pteropus_9 169_pteropus_3
169_pteropus_2 169_pteropus_4
169_pteropus_3 169_pteropus_8
169_pteropus_7 169_pteropus_10
169_pteropus_5 169_pteropus_4
169_pteropus_8 169_pteropus_6
170_pumpkin_pie_6 170_pumpkin_pie_2
170_pumpkin_pie_10 170_pumpkin_pie_6
170_pumpkin_pie_10 170_pumpkin_pie_3
170_pumpkin_pie_3 170_pumpkin_pie_6
170_pumpkin_pie_3 170_pumpkin_pie_2
170_pumpkin_pie_4 170_pumpkin_pie_1
170_pumpkin_pie_3 170_pumpkin_pie_7
170_pumpkin_pie_10 170_pumpkin_pie_1
170_pumpkin_pie_9 170_pumpkin_pie_9
170_pumpkin_pie_8 170_pumpkin_pie_3
171_pyramid_2 171_pyramid_10
171_pyramid_3 171_pyramid_7
171_pyramid_3 171_pyramid_7
171_pyramid_2 171_pyramid_1
171_pyramid_10 171_pyramid_7
171_pyramid_6 171_pyramid_8
171_pyramid_4 171_pyramid_3
171_pyramid_2 171_pyramid_3
171_pyramid_8 171_pyramid_8
171_pyramid_7 171_pyramid_4
172_pyramid_cube_1 172_pyramid_cube_2
172_pyramid_cube_4 172_pyramid_cube_9
172_pyramid_cube_1 172_pyramid_cube_8
172_pyramid_cube_3 172_pyramid_cube_6
172_pyramid_cube_3 172_pyramid_cube_6
172_pyramid_cube_10 172_pyramid_cube_5
172_pyramid_cube_3 172_pyramid_cube_1
172_pyramid_cube_5 172_pyramid_cube_7
172_pyramid_cube_3 172_pyramid_cube_1
172_pyramid_cube_5 172_pyramid_cube_6
173_pyraminx_6 173_pyraminx_4
173_pyraminx_2 173_pyraminx_3
173_pyraminx_2 173_pyraminx_7
173_pyraminx_5 173_pyraminx_3
173_pyraminx_9 173_pyraminx_4
173_pyraminx_8 173_pyraminx_4
173_pyraminx_10 173_pyraminx_7
173_pyraminx_4 173_pyraminx_1
173_pyraminx_1 173_pyraminx_8
173_pyraminx_9 173_pyraminx_9
174_quail_1 174_quail_4
174_quail_8 174_quail_8
174_quail_7 174_quail_5
174_quail_1 174_quail_2
174_quail_1 174_quail_4
174_quail_9 174_quail_1
174_quail_8 174_quail_8
174_quail_6 174_quail_8
174_quail_6 174_quail_9
174_quail_7 174_quail_5
175_quail_egg_9 175_quail_egg_7
175_quail_egg_10 175_quail_egg_6
175_quail_egg_5 175_quail_egg_2
175_quail_egg_8 175_quail_egg_6
175_quail_egg_6 175_quail_egg_8
175_quail_egg_5 175_quail_egg_2
175_quail_egg_8 175_quail_egg_6
175_quail_egg_7 175_quail_egg_10
175_quail_egg_10 175_quail_egg_7
175_quail_egg_6 175_quail_egg_3
176_rally_car_5 176_rally_car_4
176_rally_car_2 176_rally_car_5
176_rally_car_10 176_rally_car_4
176_rally_car_10 176_rally_car_4
176_rally_car_4 176_rally_car_10
176_rally_car_6 176_rally_car_9
176_rally_car_6 176_rally_car_2
176_rally_car_5 176_rally_car_3
176_rally_car_8 176_rally_car_7
176_rally_car_5 176_rally_car_7
177_reel_7 177_reel_8
177_reel_3 177_reel_8
177_reel_9 177_reel_4
177_reel_10 177_reel_9
177_reel_2 177_reel_5
177_reel_10 177_reel_1
177_reel_10 177_reel_6
177_reel_7 177_reel_5
177_reel_6 177_reel_8
177_reel_3 177_reel_9
178_reflex_camera_7 178_reflex_camera_6
178_reflex_camera_3 178_reflex_camera_1
178_reflex_camera_10 178_reflex_camera_6
178_reflex_camera_6 178_reflex_camera_10
178_reflex_camera_5 178_reflex_camera_6
178_reflex_camera_2 178_reflex_camera_1
178_reflex_camera_3 178_reflex_camera_3
178_reflex_camera_9 178_reflex_camera_2
178_reflex_camera_10 178_reflex_camera_2
178_reflex_camera_1 178_reflex_camera_1
179_rice_cooker_3 179_rice_cooker_8
179_rice_cooker_4 179_rice_cooker_7
179_rice_cooker_3 179_rice_cooker_6
179_rice_cooker_3 179_rice_cooker_9
179_rice_cooker_9 179_rice_cooker_3
179_rice_cooker_10 179_rice_cooker_7
179_rice_cooker_1 179_rice_cooker_4
179_rice_cooker_6 179_rice_cooker_7
179_rice_cooker_9 179_rice_cooker_3
179_rice_cooker_6 179_rice_cooker_1
180_rocking_chair_2 180_rocking_chair_7
180_rocking_chair_5 180_rocking_chair_5
180_rocking_chair_10 180_rocking_chair_7
180_rocking_chair_6 180_rocking_chair_6
180_rocking_chair_6 180_rocking_chair_6
180_rocking_chair_1 180_rocking_chair_5
180_rocking_chair_3 180_rocking_chair_7
180_rocking_chair_10 180_rocking_chair_5
180_rocking_chair_1 180_rocking_chair_7
180_rocking_chair_7 180_rocking_chair_2
181_rubber_eraser_8 181_rubber_eraser_5
181_rubber_eraser_4 181_rubber_eraser_2
181_rubber_eraser_7 181_rubber_eraser_3
181_rubber_eraser_8 181_rubber_eraser_9
181_rubber_eraser_7 181_rubber_eraser_5
181_rubber_eraser_7 181_rubber_eraser_5
181_rubber_eraser_9 181_rubber_eraser_5
181_rubber_eraser_1 181_rubber_eraser_2
181_rubber_eraser_3 181_rubber_eraser_6
181_rubber_eraser_7 181_rubber_eraser_10
182_rubick_cube_4 182_rubick_cube_9
182_rubick_cube_1 182_rubick_cube_5
182_rubick_cube_5 182_rubick_cube_6
182_rubick_cube_2 182_rubick_cube_1
182_rubick_cube_1 182_rubick_cube_3
182_rubick_cube_1 182_rubick_cube_5
182_rubick_cube_7 182_rubick_cube_5
182_rubick_cube_1 182_rubick_cube_5
182_rubick_cube_7 182_rubick_cube_5
182_rubick_cube_7 182_rubick_cube_5
183_rugby_ball_1 183_rugby_ball_3
183_rugby_ball_6 183_rugby_ball_10
183_rugby_ball_5 183_rugby_ball_6
183_rugby_ball_10 183_rugby_ball_6
183_rugby_ball_4 183_rugby_ball_8
183_rugby_ball_7 183_rugby_ball_10
183_rugby_ball_7 183_rugby_ball_8
183_rugby_ball_7 183_rugby_ball_4
183_rugby_ball_8 183_rugby_ball_4
183_rugby_ball_9 183_rugby_ball_8
184_ruler_2 184_ruler_2
184_ruler_1 184_ruler_7
184_ruler_1 184_ruler_10
184_ruler_5 184_ruler_8
184_ruler_9 184_ruler_1
184_ruler_2 184_ruler_8
184_ruler_3 184_ruler_9
184_ruler_7 184_ruler_2
184_ruler_10 184_ruler_7
184_ruler_7 184_ruler_7
185_samarra_mosque_9 185_samarra_mosque_2
185_samarra_mosque_6 185_samarra_mosque_8
185_samarra_mosque_6 185_samarra_mosque_7
185_samarra_mosque_9 185_samarra_mosque_1
185_samarra_mosque_4 185_samarra_mosque_9
185_samarra_mosque_4 185_samarra_mosque_5
185_samarra_mosque_3 185_samarra_mosque_9
185_samarra_mosque_2 185_samarra_mosque_3
185_samarra_mosque_5 185_samarra_mosque_2
185_samarra_mosque_3 185_samarra_mosque_1
186_santa_sledge_6 186_santa_sledge_9
186_santa_sledge_5 186_santa_sledge_10
186_santa_sledge_10 186_santa_sledge_1
186_santa_sledge_1 186_santa_sledge_6
186_santa_sledge_2 186_santa_sledge_8
186_santa_sledge_1 186_santa_sledge_4
186_santa_sledge_6 186_santa_sledge_1
186_santa_sledge_8 186_santa_sledge_6
186_santa_sledge_1 186_santa_sledge_6
186_santa_sledge_9 186_santa_sledge_9
187_screw_6 187_screw_6
187_screw_2 187_screw_5
187_screw_10 187_screw_4
187_screw_10 187_screw_4
187_screw_8 187_screw_5
187_screw_6 187_screw_3
187_screw_7 187_screw_6
187_screw_8 187_screw_4
187_screw_9 187_screw_7
187_screw_9 187_screw_9
188_seagull_1 188_seagull_1
188_seagull_5 188_seagull_9
188_seagull_6 188_seagull_3
188_seagull_8 188_seagull_9
188_seagull_10 188_seagull_10
188_seagull_1 188_seagull_7
188_seagull_4 188_seagull_10
188_seagull_7 188_seagull_3
188_seagull_9 188_seagull_3
188_seagull_4 188_seagull_2
189_sealion_7 189_sealion_5
189_sealion_10 189_sealion_6
189_sealion_8 189_sealion_4
189_sealion_6 189_sealion_2
189_sealion_2 189_sealion_1
189_sealion_3 189_sealion_2
189_sealion_2 189_sealion_8
189_sealion_8 189_sealion_9
189_sealion_3 189_sealion_7
189_sealion_9 189_sealion_8
190_shower_curtain_3 190_shower_curtain_8
190_shower_curtain_6 190_shower_curtain_4
190_shower_curtain_6 190_shower_curtain_6
190_shower_curtain_10 190_shower_curtain_2
190_shower_curtain_1 190_shower_curtain_3
190_shower_curtain_8 190_shower_curtain_1
190_shower_curtain_8 190_shower_curtain_2
190_shower_curtain_3 190_shower_curtain_6
190_shower_curtain_3 190_shower_curtain_2
190_shower_curtain_6 190_shower_curtain_5
191_shumai_2 191_shumai_5
191_shumai_6 191_shumai_8
191_shumai_8 191_shumai_6
191_shumai_6 191_shumai_7
191_shumai_8 191_shumai_8
191_shumai_10 191_shumai_10
191_shumai_8 191_shumai_1
191_shumai_2 191_shumai_8
191_shumai_10 191_shumai_4
191_shumai_5 191_shumai_10
192_siamang_7 192_siamang_8
192_siamang_10 192_siamang_6
192_siamang_8 192_siamang_4
192_siamang_5 192_siamang_4
192_siamang_4 192_siamang_2
192_siamang_9 192_siamang_4
192_siamang_8 192_siamang_9
192_siamang_4 192_siamang_1
192_siamang_10 192_siamang_4
192_siamang_9 192_siamang_9
193_sled_1 193_sled_8
193_sled_10 193_sled_9
193_sled_3 193_sled_7
193_sled_7 193_sled_6
193_sled_5 193_sled_6
193_sled_10 193_sled_7
193_sled_2 193_sled_4
193_sled_6 193_sled_3
193_sled_9 193_sled_8
193_sled_10 193_sled_7
194_snow_leopard_10 194_snow_leopard_1
194_snow_leopard_10 194_snow_leopard_10
194_snow_leopard_1 194_snow_leopard_2
194_snow_leopard_4 194_snow_leopard_7
194_snow_leopard_7 194_snow_leopard_7
194_snow_leopard_5 194_snow_leopard_7
194_snow_leopard_9 194_snow_leopard_3
194_snow_leopard_9 194_snow_leopard_8
194_snow_leopard_5 194_snow_leopard_1
194_snow_leopard_8 194_snow_leopard_8
195_snowman_9 195_snowman_6
195_snowman_7 195_snowman_5
195_snowman_10 195_snowman_4
195_snowman_7 195_snowman_6
195_snowman_3 195_snowman_6
195_snowman_6 195_snowman_2
195_snowman_8 195_snowman_9
195_snowman_2 195_snowman_5
195_snowman_2 195_snowman_5
195_snowman_6 195_snowman_6
196_snowplow_9 196_snowplow_10
196_snowplow_6 196_snowplow_7
196_snowplow_5 196_snowplow_5
196_snowplow_5 196_snowplow_8
196_snowplow_6 196_snowplow_3
196_snowplow_5 196_snowplow_6
196_snowplow_4 196_snowplow_3
196_snowplow_4 196_snowplow_6
196_snowplow_1 196_snowplow_7
196_snowplow_3 196_snowplow_7
197_soap_8 197_soap_7
197_soap_9 197_soap_3
197_soap_2 197_soap_9
197_soap_6 197_soap_3
197_soap_8 197_soap_8
197_soap_5 197_soap_9
197_soap_8 197_soap_3
197_soap_2 197_soap_3
197_soap_6 197_soap_5
197_soap_2 197_soap_5
198_soymilk_machine_2 198_soymilk_machine_9
198_soymilk_machine_5 198_soymilk_machine_7
198_soymilk_machine_1 198_soymilk_machine_5
198_soymilk_machine_2 198_soymilk_machine_7
198_soymilk_machine_8 198_soymilk_machine_8
198_soymilk_machine_10 198_soymilk_machine_8
198_soymilk_machine_5 198_soymilk_machine_6
198_soymilk_machine_8 198_soymilk_machine_5
198_soymilk_machine_10 198_soymilk_machine_5
198_soymilk_machine_2 198_soymilk_machine_4
199_speedboat_9 199_speedboat_4
199_speedboat_8 199_speedboat_5
199_speedboat_7 199_speedboat_6
199_speedboat_7 199_speedboat_10
199_speedboat_1 199_speedboat_5
199_speedboat_3 199_speedboat_3
199_speedboat_9 199_speedboat_8
199_speedboat_7 199_speedboat_6
199_speedboat_2 199_speedboat_7
199_speedboat_3 199_speedboat_9
200_spiderman_6 200_spiderman_9
200_spiderman_10 200_spiderman_4
200_spiderman_7 200_spiderman_10
200_spiderman_7 200_spiderman_7
200_spiderman_2 200_spiderman_1
200_spiderman_8 200_spiderman_3
200_spiderman_6 200_spiderman_1
200_spiderman_4 200_spiderman_10
200_spiderman_6 200_spiderman_7
200_spiderman_4 200_spiderman_5
201_spinach_9 201_spinach_9
201_spinach_8 201_spinach_1
201_spinach_3 201_spinach_8
201_spinach_3 201_spinach_6
201_spinach_2 201_spinach_2
201_spinach_3 201_spinach_4
201_spinach_3 201_spinach_6
201_spinach_2 201_spinach_9
201_spinach_6 201_spinach_6
201_spinach_5 201_spinach_7
202_stealth_aircraft_4 202_stealth_aircraft_10
202_stealth_aircraft_6 202_stealth_aircraft_6
202_stealth_aircraft_5 202_stealth_aircraft_4
202_stealth_aircraft_1 202_stealth_aircraft_7
202_stealth_aircraft_7 202_stealth_aircraft_4
202_stealth_aircraft_4 202_stealth_aircraft_10
202_stealth_aircraft_4 202_stealth_aircraft_9
202_stealth_aircraft_6 202_stealth_aircraft_10
202_stealth_aircraft_7 202_stealth_aircraft_1
202_stealth_aircraft_5 202_stealth_aircraft_4
203_steering_wheel_6 203_steering_wheel_4
203_steering_wheel_5 203_steering_wheel_8
203_steering_wheel_1 203_steering_wheel_3
203_steering_wheel_9 203_steering_wheel_9
203_steering_wheel_4 203_steering_wheel_8
203_steering_wheel_7 203_steering_wheel_9
203_steering_wheel_7 203_steering_wheel_5
203_steering_wheel_4 203_steering_wheel_1
203_steering_wheel_1 203_steering_wheel_3
203_steering_wheel_8 203_steering_wheel_5
204_stingray_10 204_stingray_1
204_stingray_10 204_stingray_7
204_stingray_8 204_stingray_10
204_stingray_7 204_stingray_10
204_stingray_7 204_stingray_3
204_stingray_9 204_stingray_10
204_stingray_6 204_stingray_8
204_stingray_1 204_stingray_4
204_stingray_5 204_stingray_6
204_stingray_4 204_stingray_10
205_stone_lion_4 205_stone_lion_10
205_stone_lion_1 205_stone_lion_3
205_stone_lion_8 205_stone_lion_10
205_stone_lion_1 205_stone_lion_3
205_stone_lion_2 205_stone_lion_7
205_stone_lion_3 205_stone_lion_6
205_stone_lion_9 205_stone_lion_9
205_stone_lion_3 205_stone_lion_2
205_stone_lion_8 205_stone_lion_4
205_stone_lion_4 205_stone_lion_8
206_stonechat_1 206_stonechat_2
206_stonechat_5 206_stonechat_3
206_stonechat_2 206_stonechat_5
206_stonechat_6 206_stonechat_3
206_stonechat_6 206_stonechat_2
206_stonechat_5 206_stonechat_10
206_stonechat_8 206_stonechat_1
206_stonechat_1 206_stonechat_1
206_stonechat_2 206_stonechat_6
206_stonechat_1 206_stonechat_10
207_stork_9 207_stork_6
207_stork_1 207_stork_2
207_stork_9 207_stork_8
207_stork_4 207_stork_3
207_stork_7 207_stork_4
207_stork_2 207_stork_9
207_stork_7 207_stork_10
207_stork_8 207_stork_1
207_stork_4 207_stork_2
207_stork_8 207_stork_10
208_strawberry_9 208_strawberry_3
208_strawberry_4 208_strawberry_5
208_strawberry_6 208_strawberry_1
208_strawberry_5 208_strawberry_5
208_strawberry_9 208_strawberry_4
208_strawberry_2 208_strawberry_5
208_strawberry_9 208_strawberry_2
208_strawberry_9 208_strawberry_5
208_strawberry_7 208_strawberry_10
208_strawberry_5 208_strawberry_9
209_sulphur_butterfly_3 209_sulphur_butterfly_7
209_sulphur_butterfly_3 209_sulphur_butterfly_3
209_sulphur_butterfly_2 209_sulphur_butterfly_6
209_sulphur_butterfly_7 209_sulphur_butterfly_10
209_sulphur_butterfly_8 209_sulphur_butterfly_4
209_sulphur_butterfly_8 209_sulphur_butterfly_9
209_sulphur_butterfly_2 209_sulphur_butterfly_7
209_sulphur_butterfly_5 209_sulphur_butterfly_10
209_sulphur_butterfly_8 209_sulphur_butterfly_7
209_sulphur_butterfly_10 209_sulphur_butterfly_3
210_sushi_8 210_sushi_9
210_sushi_5 210_sushi_8
210_sushi_3 210_sushi_8
210_sushi_4 210_sushi_1
210_sushi_10 210_sushi_9
210_sushi_1 210_sushi_1
210_sushi_6 210_sushi_1
210_sushi_3 210_sushi_3
210_sushi_9 210_sushi_3
210_sushi_9 210_sushi_3
211_swan_5 211_swan_6
211_swan_3 211_swan_7
211_swan_2 211_swan_3
211_swan_8 211_swan_5
211_swan_6 211_swan_8
211_swan_9 211_swan_2
211_swan_4 211_swan_8
211_swan_1 211_swan_1
211_swan_10 211_swan_7
211_swan_1 211_swan_6
212_sydney_opera_house_10 212_sydney_opera_house_5
212_sydney_opera_house_7 212_sydney_opera_house_2
212_sydney_opera_house_1 212_sydney_opera_house_9
212_sydney_opera_house_1 212_sydney_opera_house_4
212_sydney_opera_house_4 212_sydney_opera_house_9
212_sydney_opera_house_5 212_sydney_opera_house_2
212_sydney_opera_house_5 212_sydney_opera_house_9
212_sydney_opera_house_5 212_sydney_opera_house_2
212_sydney_opera_house_5 212_sydney_opera_house_4
212_sydney_opera_house_3 212_sydney_opera_house_2
213_taj_mahal_5 213_taj_mahal_7
213_taj_mahal_6 213_taj_mahal_4
213_taj_mahal_6 213_taj_mahal_8
213_taj_mahal_3 213_taj_mahal_10
213_taj_mahal_4 213_taj_mahal_10
213_taj_mahal_8 213_taj_mahal_9
213_taj_mahal_4 213_taj_mahal_5
213_taj_mahal_4 213_taj_mahal_8
213_taj_mahal_4 213_taj_mahal_9
213_taj_mahal_3 213_taj_mahal_8
214_tiltrotor_8 214_tiltrotor_3
214_tiltrotor_2 214_tiltrotor_2
214_tiltrotor_4 214_tiltrotor_2
214_tiltrotor_2 214_tiltrotor_4
214_tiltrotor_4 214_tiltrotor_8
214_tiltrotor_10 214_tiltrotor_1
214_tiltrotor_8 214_tiltrotor_2
214_tiltrotor_2 214_tiltrotor_8
214_tiltrotor_3 214_tiltrotor_7
214_tiltrotor_6 214_tiltrotor_2
215_toaster_8 215_toaster_10
215_toaster_9 215_toaster_4
215_toaster_8 215_toaster_3
215_toaster_6 215_toaster_3
215_toaster_9 215_toaster_6
215_toaster_9 215_toaster_8
215_toaster_7 215_toaster_2
215_toaster_9 215_toaster_5
215_toaster_3 215_toaster_8
215_toaster_2 215_toaster_7
216_tower_pisa_5 216_tower_pisa_1
216_tower_pisa_9 216_tower_pisa_5
216_tower_pisa_3 216_tower_pisa_5
216_tower_pisa_5 216_tower_pisa_1
216_tower_pisa_8 216_tower_pisa_7
216_tower_pisa_2 216_tower_pisa_2
216_tower_pisa_1 216_tower_pisa_6
216_tower_pisa_4 216_tower_pisa_9
216_tower_pisa_5 216_tower_pisa_8
216_tower_pisa_8 216_tower_pisa_1
217_transport_helicopter_5 217_transport_helicopter_8
217_transport_helicopter_8 217_transport_helicopter_9
217_transport_helicopter_6 217_transport_helicopter_8
217_transport_helicopter_10 217_transport_helicopter_9
217_transport_helicopter_6 217_transport_helicopter_1
217_transport_helicopter_4 217_transport_helicopter_5
217_transport_helicopter_8 217_transport_helicopter_9
217_transport_helicopter_4 217_transport_helicopter_4
217_transport_helicopter_3 217_transport_helicopter_6
217_transport_helicopter_9 217_transport_helicopter_9
218_tredmill_4 218_tredmill_9
218_tredmill_10 218_tredmill_4
218_tredmill_6 218_tredmill_5
218_tredmill_4 218_tredmill_8
218_tredmill_8 218_tredmill_2
218_tredmill_5 218_tredmill_8
218_tredmill_3 218_tredmill_10
218_tredmill_3 218_tredmill_1
218_tredmill_6 218_tredmill_7
218_tredmill_8 218_tredmill_8
219_truss_bridge_5 219_truss_bridge_8
219_truss_bridge_5 219_truss_bridge_6
219_truss_bridge_2 219_truss_bridge_8
219_truss_bridge_2 219_truss_bridge_6
219_truss_bridge_9 219_truss_bridge_4
219_truss_bridge_4 219_truss_bridge_2
219_truss_bridge_3 219_truss_bridge_4
219_truss_bridge_2 219_truss_bridge_5
219_truss_bridge_7 219_truss_bridge_1
219_truss_bridge_4 219_truss_bridge_9
220_tunnel_7 220_tunnel_6
220_tunnel_1 220_tunnel_9
220_tunnel_2 220_tunnel_10
220_tunnel_2 220_tunnel_1
220_tunnel_7 220_tunnel_6
220_tunnel_5 220_tunnel_1
220_tunnel_2 220_tunnel_5
220_tunnel_8 220_tunnel_7
220_tunnel_5 220_tunnel_6
220_tunnel_2 220_tunnel_9
221_twin_tower_8 221_twin_tower_2
221_twin_tower_10 221_twin_tower_4
221_twin_tower_5 221_twin_tower_2
221_twin_tower_6 221_twin_tower_8
221_twin_tower_2 221_twin_tower_3
221_twin_tower_2 221_twin_tower_2
221_twin_tower_8 221_twin_tower_1
221_twin_tower_6 221_twin_tower_10
221_twin_tower_1 221_twin_tower_5
221_twin_tower_10 221_twin_tower_2
222_vacuum_cup_3 222_vacuum_cup_10
222_vacuum_cup_5 222_vacuum_cup_6
222_vacuum_cup_10 222_vacuum_cup_9
222_vacuum_cup_9 222_vacuum_cup_6
222_vacuum_cup_9 222_vacuum_cup_9
222_vacuum_cup_5 222_vacuum_cup_3
222_vacuum_cup_7 222_vacuum_cup_4
222_vacuum_cup_6 222_vacuum_cup_5
222_vacuum_cup_6 222_vacuum_cup_7
222_vacuum_cup_8 222_vacuum_cup_1
223_villa_savoye_8 223_villa_savoye_10
223_villa_savoye_10 223_villa_savoye_7
223_villa_savoye_7 223_villa_savoye_5
223_villa_savoye_9 223_villa_savoye_8
223_villa_savoye_10 223_villa_savoye_2
223_villa_savoye_2 223_villa_savoye_5
223_villa_savoye_8 223_villa_savoye_6
223_villa_savoye_1 223_villa_savoye_3
223_villa_savoye_5 223_villa_savoye_2
223_villa_savoye_1 223_villa_savoye_4
224_vinyl_8 224_vinyl_1
224_vinyl_3 224_vinyl_1
224_vinyl_1 224_vinyl_5
224_vinyl_2 224_vinyl_2
224_vinyl_5 224_vinyl_7
224_vinyl_7 224_vinyl_7
224_vinyl_8 224_vinyl_8
224_vinyl_2 224_vinyl_5
224_vinyl_6 224_vinyl_10
224_vinyl_2 224_vinyl_3
225_wagtail_6 225_wagtail_4
225_wagtail_1 225_wagtail_1
225_wagtail_6 225_wagtail_6
225_wagtail_3 225_wagtail_9
225_wagtail_1 225_wagtail_9
225_wagtail_7 225_wagtail_2
225_wagtail_6 225_wagtail_1
225_wagtail_8 225_wagtail_5
225_wagtail_6 225_wagtail_5
225_wagtail_6 225_wagtail_1
226_wandering_albatross_5 226_wandering_albatross_7
226_wandering_albatross_9 226_wandering_albatross_1
226_wandering_albatross_1 226_wandering_albatross_8
226_wandering_albatross_2 226_wandering_albatross_9
226_wandering_albatross_10 226_wandering_albatross_4
226_wandering_albatross_1 226_wandering_albatross_4
226_wandering_albatross_4 226_wandering_albatross_7
226_wandering_albatross_2 226_wandering_albatross_2
226_wandering_albatross_9 226_wandering_albatross_10
226_wandering_albatross_1 226_wandering_albatross_1
227_warehouse_tray_2 227_warehouse_tray_10
227_warehouse_tray_1 227_warehouse_tray_9
227_warehouse_tray_1 227_warehouse_tray_3
227_warehouse_tray_2 227_warehouse_tray_3
227_warehouse_tray_6 227_warehouse_tray_3
227_warehouse_tray_9 227_warehouse_tray_4
227_warehouse_tray_4 227_warehouse_tray_6
227_warehouse_tray_6 227_warehouse_tray_3
227_warehouse_tray_1 227_warehouse_tray_7
227_warehouse_tray_2 227_warehouse_tray_10
228_warplane_1 228_warplane_8
228_warplane_2 228_warplane_8
228_warplane_5 228_warplane_7
228_warplane_3 228_warplane_5
228_warplane_8 228_warplane_7
228_warplane_2 228_warplane_10
228_warplane_6 228_warplane_10
228_warplane_6 228_warplane_7
228_warplane_3 228_warplane_10
228_warplane_4 228_warplane_6
229_wasp_4 229_wasp_4
229_wasp_7 229_wasp_10
229_wasp_7 229_wasp_2
229_wasp_4 229_wasp_4
229_wasp_8 229_wasp_6
229_wasp_5 229_wasp_5
229_wasp_4 229_wasp_2
229_wasp_2 229_wasp_7
229_wasp_5 229_wasp_3
229_wasp_7 229_wasp_7
230_water_buffalo_8 230_water_buffalo_4
230_water_buffalo_4 230_water_buffalo_8
230_water_buffalo_4 230_water_buffalo_7
230_water_buffalo_10 230_water_buffalo_10
230_water_buffalo_9 230_water_buffalo_1
230_water_buffalo_4 230_water_buffalo_3
230_water_buffalo_10 230_water_buffalo_2
230_water_buffalo_7 230_water_buffalo_1
230_water_buffalo_4 230_water_buffalo_9
230_water_buffalo_3 230_water_buffalo_5
231_water_heater_6 231_water_heater_5
231_water_heater_6 231_water_heater_4
231_water_heater_2 231_water_heater_5
231_water_heater_3 231_water_heater_9
231_water_heater_10 231_water_heater_6
231_water_heater_5 231_water_heater_1
231_water_heater_1 231_water_heater_7
231_water_heater_8 231_water_heater_1
231_water_heater_3 231_water_heater_4
231_water_heater_3 231_water_heater_10
232_wheelchair_7 232_wheelchair_5
232_wheelchair_5 232_wheelchair_3
232_wheelchair_6 232_wheelchair_1
232_wheelchair_5 232_wheelchair_5
232_wheelchair_4 232_wheelchair_7
232_wheelchair_2 232_wheelchair_10
232_wheelchair_3 232_wheelchair_10
232_wheelchair_2 232_wheelchair_6
232_wheelchair_5 232_wheelchair_4
232_wheelchair_4 232_wheelchair_8
233_whippet_10 233_whippet_8
233_whippet_6 233_whippet_3
233_whippet_4 233_whippet_9
233_whippet_6 233_whippet_1
233_whippet_4 233_whippet_1
233_whippet_8 233_whippet_8
233_whippet_6 233_whippet_7
233_whippet_2 233_whippet_1
233_whippet_4 233_whippet_7
233_whippet_10 233_whippet_7
234_white_wolf_2 234_white_wolf_10
234_white_wolf_2 234_white_wolf_8
234_white_wolf_10 234_white_wolf_9
234_white_wolf_9 234_white_wolf_10
234_white_wolf_7 234_white_wolf_8
234_white_wolf_10 234_white_wolf_4
234_white_wolf_5 234_white_wolf_7
234_white_wolf_4 234_white_wolf_5
234_white_wolf_4 234_white_wolf_7
234_white_wolf_10 234_white_wolf_3
235_wig_10 235_wig_9
235_wig_5 235_wig_1
235_wig_8 235_wig_6
235_wig_7 235_wig_1
235_wig_4 235_wig_6
235_wig_2 235_wig_8
235_wig_10 235_wig_9
235_wig_8 235_wig_7
235_wig_5 235_wig_7
235_wig_4 235_wig_10
236_windmill_2 236_windmill_4
236_windmill_1 236_windmill_4
236_windmill_1 236_windmill_1
236_windmill_8 236_windmill_4
236_windmill_5 236_windmill_8
236_windmill_3 236_windmill_8
236_windmill_7 236_windmill_5
236_windmill_2 236_windmill_5
236_windmill_1 236_windmill_9
236_windmill_1 236_windmill_3
237_window_screen_1 237_window_screen_8
237_window_screen_5 237_window_screen_10
237_window_screen_1 237_window_screen_4
237_window_screen_5 237_window_screen_6
237_window_screen_4 237_window_screen_3
237_window_screen_5 237_window_screen_3
237_window_screen_10 237_window_screen_9
237_window_screen_1 237_window_screen_5
237_window_screen_4 237_window_screen_2
237_window_screen_1 237_window_screen_6
238_wooden_boat_7 238_wooden_boat_4
238_wooden_boat_10 238_wooden_boat_2
238_wooden_boat_5 238_wooden_boat_6
238_wooden_boat_2 238_wooden_boat_5
238_wooden_boat_3 238_wooden_boat_9
238_wooden_boat_2 238_wooden_boat_6
238_wooden_boat_6 238_wooden_boat_3
238_wooden_boat_3 238_wooden_boat_1
238_wooden_boat_9 238_wooden_boat_7
238_wooden_boat_2 238_wooden_boat_9
239_wooden_spoon_7 239_wooden_spoon_6
239_wooden_spoon_1 239_wooden_spoon_4
239_wooden_spoon_8 239_wooden_spoon_2
239_wooden_spoon_3 239_wooden_spoon_5
239_wooden_spoon_6 239_wooden_spoon_7
239_wooden_spoon_8 239_wooden_spoon_8
239_wooden_spoon_3 239_wooden_spoon_10
239_wooden_spoon_3 239_wooden_spoon_1
239_wooden_spoon_9 239_wooden_spoon_5
239_wooden_spoon_1 239_wooden_spoon_1
